Component: ARM Compiler 6.16 Tool: armlink [5dfeaa00]

==============================================================================

Section Cross References

    startup_stm32f429xx.o(STACK) refers (Special) to heapauxi.o(.text) for __use_two_region_memory
    startup_stm32f429xx.o(HEAP) refers (Special) to heapauxi.o(.text) for __use_two_region_memory
    startup_stm32f429xx.o(RESET) refers (Special) to heapauxi.o(.text) for __use_two_region_memory
    startup_stm32f429xx.o(RESET) refers to startup_stm32f429xx.o(STACK) for __initial_sp
    startup_stm32f429xx.o(RESET) refers to startup_stm32f429xx.o(.text) for Reset_Handler
    startup_stm32f429xx.o(RESET) refers to stm32f4xx_it.o(.text.NMI_Handler) for NMI_Handler
    startup_stm32f429xx.o(RESET) refers to stm32f4xx_it.o(.text.HardFault_Handler) for HardFault_Handler
    startup_stm32f429xx.o(RESET) refers to stm32f4xx_it.o(.text.MemManage_Handler) for MemManage_Handler
    startup_stm32f429xx.o(RESET) refers to stm32f4xx_it.o(.text.BusFault_Handler) for BusFault_Handler
    startup_stm32f429xx.o(RESET) refers to stm32f4xx_it.o(.text.UsageFault_Handler) for UsageFault_Handler
    startup_stm32f429xx.o(RESET) refers to stm32f4xx_it.o(.text.SVC_Handler) for SVC_Handler
    startup_stm32f429xx.o(RESET) refers to stm32f4xx_it.o(.text.DebugMon_Handler) for DebugMon_Handler
    startup_stm32f429xx.o(RESET) refers to stm32f4xx_it.o(.text.PendSV_Handler) for PendSV_Handler
    startup_stm32f429xx.o(RESET) refers to stm32f4xx_it.o(.text.SysTick_Handler) for SysTick_Handler
    startup_stm32f429xx.o(RESET) refers to stm32f4xx_it.o(.text.TIM3_IRQHandler) for TIM3_IRQHandler
    startup_stm32f429xx.o(RESET) refers to stm32f4xx_it.o(.text.USART1_IRQHandler) for USART1_IRQHandler
    startup_stm32f429xx.o(.text) refers (Special) to heapauxi.o(.text) for __use_two_region_memory
    startup_stm32f429xx.o(.text) refers to system_stm32f4xx.o(.text.SystemInit) for SystemInit
    startup_stm32f429xx.o(.text) refers to __main.o(!!!main) for __main
    startup_stm32f429xx.o(.text) refers to startup_stm32f429xx.o(HEAP) for Heap_Mem
    startup_stm32f429xx.o(.text) refers to startup_stm32f429xx.o(STACK) for Stack_Mem
    main.o(.text.main) refers to stm32f4xx_hal.o(.text.HAL_Init) for HAL_Init
    main.o(.text.main) refers to main.o(.text.SystemClock_Config) for SystemClock_Config
    main.o(.text.main) refers to gpio.o(.text.MX_GPIO_Init) for MX_GPIO_Init
    main.o(.text.main) refers to tim.o(.text.MX_TIM3_Init) for MX_TIM3_Init
    main.o(.text.main) refers to usart.o(.text.MX_USART1_UART_Init) for MX_USART1_UART_Init
    main.o(.text.main) refers to cpp_startup.o(.text.startup) for startup
    main.o(.ARM.exidx.text.main) refers to main.o(.text.main) for [Anonymous Symbol]
    main.o(.text.SystemClock_Config) refers to rt_memclr_w.o(.text) for __aeabi_memclr4
    main.o(.text.SystemClock_Config) refers to stm32f4xx_hal_rcc.o(.text.HAL_RCC_OscConfig) for HAL_RCC_OscConfig
    main.o(.text.SystemClock_Config) refers to stm32f4xx_hal_pwr_ex.o(.text.HAL_PWREx_EnableOverDrive) for HAL_PWREx_EnableOverDrive
    main.o(.text.SystemClock_Config) refers to stm32f4xx_hal_rcc.o(.text.HAL_RCC_ClockConfig) for HAL_RCC_ClockConfig
    main.o(.text.SystemClock_Config) refers to main.o(.text.Error_Handler) for Error_Handler
    main.o(.ARM.exidx.text.SystemClock_Config) refers to main.o(.text.SystemClock_Config) for [Anonymous Symbol]
    main.o(.ARM.exidx.text.Error_Handler) refers to main.o(.text.Error_Handler) for [Anonymous Symbol]
    gpio.o(.ARM.exidx.text.MX_GPIO_Init) refers to gpio.o(.text.MX_GPIO_Init) for [Anonymous Symbol]
    tim.o(.text.MX_TIM3_Init) refers to tim.o(.bss.htim3) for htim3
    tim.o(.text.MX_TIM3_Init) refers to stm32f4xx_hal_tim.o(.text.HAL_TIM_Base_Init) for HAL_TIM_Base_Init
    tim.o(.text.MX_TIM3_Init) refers to main.o(.text.Error_Handler) for Error_Handler
    tim.o(.text.MX_TIM3_Init) refers to stm32f4xx_hal_tim.o(.text.HAL_TIM_ConfigClockSource) for HAL_TIM_ConfigClockSource
    tim.o(.text.MX_TIM3_Init) refers to stm32f4xx_hal_tim_ex.o(.text.HAL_TIMEx_MasterConfigSynchronization) for HAL_TIMEx_MasterConfigSynchronization
    tim.o(.ARM.exidx.text.MX_TIM3_Init) refers to tim.o(.text.MX_TIM3_Init) for [Anonymous Symbol]
    tim.o(.text.HAL_TIM_Base_MspInit) refers to stm32f4xx_hal_cortex.o(.text.HAL_NVIC_SetPriority) for HAL_NVIC_SetPriority
    tim.o(.text.HAL_TIM_Base_MspInit) refers to stm32f4xx_hal_cortex.o(.text.HAL_NVIC_EnableIRQ) for HAL_NVIC_EnableIRQ
    tim.o(.ARM.exidx.text.HAL_TIM_Base_MspInit) refers to tim.o(.text.HAL_TIM_Base_MspInit) for [Anonymous Symbol]
    tim.o(.text.HAL_TIM_Base_MspDeInit) refers to stm32f4xx_hal_cortex.o(.text.HAL_NVIC_DisableIRQ) for HAL_NVIC_DisableIRQ
    tim.o(.ARM.exidx.text.HAL_TIM_Base_MspDeInit) refers to tim.o(.text.HAL_TIM_Base_MspDeInit) for [Anonymous Symbol]
    usart.o(.ARM.exidx.text.fputc) refers to usart.o(.text.fputc) for [Anonymous Symbol]
[...]
    [Anonymous Symbol]                       0x080019a8   Section        0  stm32f4xx_hal_rcc.o(.text.HAL_RCC_ClockConfig)
    [Anonymous Symbol]                       0x08001b08   Section        0  stm32f4xx_hal_rcc.o(.text.HAL_RCC_GetHCLKFreq)
    [Anonymous Symbol]                       0x08001b14   Section        0  stm32f4xx_hal_rcc.o(.text.HAL_RCC_GetPCLK1Freq)
    [Anonymous Symbol]                       0x08001b38   Section        0  stm32f4xx_hal_rcc.o(.text.HAL_RCC_GetPCLK2Freq)
    [Anonymous Symbol]                       0x08001b5c   Section        0  stm32f4xx_hal_rcc.o(.text.HAL_RCC_GetSysClockFreq)
    [Anonymous Symbol]                       0x08001bc4   Section        0  stm32f4xx_hal_rcc.o(.text.HAL_RCC_OscConfig)
    [Anonymous Symbol]                       0x08001f0c   Section        0  stm32f4xx_hal_cortex.o(.text.HAL_SYSTICK_Config)
    [Anonymous Symbol]                       0x08001f14   Section        0  stm32f4xx_hal_tim_ex.o(.text.HAL_TIMEx_BreakCallback)
    [Anonymous Symbol]                       0x08001f18   Section        0  stm32f4xx_hal_tim_ex.o(.text.HAL_TIMEx_CommutCallback)
    [Anonymous Symbol]                       0x08001f1c   Section        0  stm32f4xx_hal_tim_ex.o(.text.HAL_TIMEx_MasterConfigSynchronization)
    [Anonymous Symbol]                       0x08001fd4   Section        0  stm32f4xx_hal_tim.o(.text.HAL_TIM_Base_Init)
    [Anonymous Symbol]                       0x08002030   Section        0  tim.o(.text.HAL_TIM_Base_MspInit)
    [Anonymous Symbol]                       0x08002078   Section        0  stm32f4xx_hal_tim.o(.text.HAL_TIM_ConfigClockSource)
    [Anonymous Symbol]                       0x08002158   Section        0  stm32f4xx_hal_tim.o(.text.HAL_TIM_IC_CaptureCallback)
    [Anonymous Symbol]                       0x0800215c   Section        0  stm32f4xx_hal_tim.o(.text.HAL_TIM_IRQHandler)
    [Anonymous Symbol]                       0x080022c8   Section        0  stm32f4xx_hal_tim.o(.text.HAL_TIM_OC_DelayElapsedCallback)
    [Anonymous Symbol]                       0x080022cc   Section        0  stm32f4xx_hal_tim.o(.text.HAL_TIM_PWM_PulseFinishedCallback)
    [Anonymous Symbol]                       0x080022d0   Section        0  stm32f4xx_hal_tim.o(.text.HAL_TIM_PeriodElapsedCallback)
    [Anonymous Symbol]                       0x080022d4   Section        0  stm32f4xx_hal_tim.o(.text.HAL_TIM_TriggerCallback)
    [Anonymous Symbol]                       0x080022d8   Section        0  stm32f4xx_hal_uart.o(.text.HAL_UARTEx_RxEventCallback)
    [Anonymous Symbol]                       0x080022dc   Section        0  stm32f4xx_hal_uart.o(.text.HAL_UART_ErrorCallback)
    [Anonymous Symbol]                       0x080022e0   Section        0  stm32f4xx_hal_uart.o(.text.HAL_UART_IRQHandler)
    [Anonymous Symbol]                       0x0800251c   Section        0  stm32f4xx_hal_uart.o(.text.HAL_UART_Init)
    [Anonymous Symbol]                       0x0800257c   Section        0  usart.o(.text.HAL_UART_MspInit)
    [Anonymous Symbol]                       0x08002600   Section        0  stm32f4xx_hal_uart.o(.text.HAL_UART_RxCpltCallback)
    [Anonymous Symbol]                       0x08002604   Section        0  stm32f4xx_hal_uart.o(.text.HAL_UART_TxCpltCallback)
    [Anonymous Symbol]                       0x08002608   Section        0  stm32f4xx_it.o(.text.HardFault_Handler)
    [Anonymous Symbol]                       0x0800260c   Section        0  gpio.o(.text.MX_GPIO_Init)
    [Anonymous Symbol]                       0x08002644   Section        0  tim.o(.text.MX_TIM3_Init)
    [Anonymous Symbol]                       0x080026c4   Section        0  usart.o(.text.MX_USART1_UART_Init)
    [Anonymous Symbol]                       0x080026fc   Section        0  stm32f4xx_it.o(.text.MemManage_Handler)
    [Anonymous Symbol]                       0x08002700   Section        0  stm32f4xx_it.o(.text.NMI_Handler)
    NVIC_EncodePriority                      0x08002705   Thumb Code    44  stm32f4xx_hal_cortex.o(.text.NVIC_EncodePriority)
    [Anonymous Symbol]                       0x08002704   Section        0  stm32f4xx_hal_cortex.o(.text.NVIC_EncodePriority)
    [Anonymous Symbol]                       0x08002730   Section        0  stm32f4xx_it.o(.text.PendSV_Handler)
    [Anonymous Symbol]                       0x08002734   Section        0  stm32f4xx_it.o(.text.SVC_Handler)
    SysTick_Config                           0x08002739   Thumb Code    46  stm32f4xx_hal_cortex.o(.text.SysTick_Config)
    [Anonymous Symbol]                       0x08002738   Section        0  stm32f4xx_hal_cortex.o(.text.SysTick_Config)
    [Anonymous Symbol]                       0x08002768   Section        0  stm32f4xx_it.o(.text.SysTick_Handler)
    [Anonymous Symbol]                       0x08002770   Section        0  main.o(.text.SystemClock_Config)
    [Anonymous Symbol]                       0x08002820   Section        0  system_stm32f4xx.o(.text.SystemInit)
    [Anonymous Symbol]                       0x08002834   Section        0  stm32f4xx_it.o(.text.TIM3_IRQHandler)
    [Anonymous Symbol]                       0x08002844   Section        0  stm32f4xx_hal_tim.o(.text.TIM_Base_SetConfig)
    [Anonymous Symbol]                       0x08002968   Section        0  stm32f4xx_hal_tim.o(.text.TIM_ETR_SetConfig)
    TIM_ITRx_SetConfig                       0x08002981   Thumb Code    16  stm32f4xx_hal_tim.o(.text.TIM_ITRx_SetConfig)
    [Anonymous Symbol]                       0x08002980   Section        0  stm32f4xx_hal_tim.o(.text.TIM_ITRx_SetConfig)
    TIM_TI1_ConfigInputStage                 0x08002991   Thumb Code    34  stm32f4xx_hal_tim.o(.text.TIM_TI1_ConfigInputStage)
    [Anonymous Symbol]                       0x08002990   Section        0  stm32f4xx_hal_tim.o(.text.TIM_TI1_ConfigInputStage)
    TIM_TI2_ConfigInputStage                 0x080029b5   Thumb Code    36  stm32f4xx_hal_tim.o(.text.TIM_TI2_ConfigInputStage)
    [Anonymous Symbol]                       0x080029b4   Section        0  stm32f4xx_hal_tim.o(.text.TIM_TI2_ConfigInputStage)
    UART_DMAAbortOnError                     0x080029d9   Thumb Code    16  stm32f4xx_hal_uart.o(.text.UART_DMAAbortOnError)
    [Anonymous Symbol]                       0x080029d8   Section        0  stm32f4xx_hal_uart.o(.text.UART_DMAAbortOnError)
    UART_EndRxTransfer                       0x080029e9   Thumb Code    80  stm32f4xx_hal_uart.o(.text.UART_EndRxTransfer)
    [Anonymous Symbol]                       0x080029e8   Section        0  stm32f4xx_hal_uart.o(.text.UART_EndRxTransfer)
    UART_EndTransmit_IT                      0x08002a39   Thumb Code    24  stm32f4xx_hal_uart.o(.text.UART_EndTransmit_IT)
    [Anonymous Symbol]                       0x08002a38   Section        0  stm32f4xx_hal_uart.o(.text.UART_EndTransmit_IT)
    UART_Receive_IT                          0x08002a51   Thumb Code   196  stm32f4xx_hal_uart.o(.text.UART_Receive_IT)
    [Anonymous Symbol]                       0x08002a50   Section        0  stm32f4xx_hal_uart.o(.text.UART_Receive_IT)
    UART_SetConfig                           0x08002b15   Thumb Code   220  stm32f4xx_hal_uart.o(.text.UART_SetConfig)
    [Anonymous Symbol]                       0x08002b14   Section        0  stm32f4xx_hal_uart.o(.text.UART_SetConfig)
    UART_Transmit_IT                         0x08002bf1   Thumb Code    82  stm32f4xx_hal_uart.o(.text.UART_Transmit_IT)
    [Anonymous Symbol]                       0x08002bf0   Section        0  stm32f4xx_hal_uart.o(.text.UART_Transmit_IT)
    [Anonymous Symbol]                       0x08002c44   Section        0  stm32f4xx_it.o(.text.USART1_IRQHandler)
    [Anonymous Symbol]                       0x08002c54   Section        0  stm32f4xx_it.o(.text.UsageFault_Handler)
    [Anonymous Symbol]                       0x08002c58   Section        0  cpp_startup.o(.text._ZNSt3__211char_traitsIcE6lengthEPKc)
    [Anonymous Symbol]                       0x08002c60   Section        0  string.cpp.o(.text._ZNSt3__212basic_stringIcNS_11char_traitsIcEENS_9allocatorIcEEE6__initEPKcj)
    [Anonymous Symbol]                       0x08002caa   Section        0  cxa_handlers.cpp.o(.text._ZSt15get_new_handlerv)
    [Anonymous Symbol]                       0x08002cb8   Section        0  new.cpp.o(.text._Znwj)
    __NVIC_EnableIRQ                         0x08002ce1   Thumb Code    32  stm32f4xx_hal_cortex.o(.text.__NVIC_EnableIRQ)
    [Anonymous Symbol]                       0x08002ce0   Section        0  stm32f4xx_hal_cortex.o(.text.__NVIC_EnableIRQ)
    __NVIC_GetPriorityGrouping               0x08002d01   Thumb Code    16  stm32f4xx_hal_cortex.o(.text.__NVIC_GetPriorityGrouping)
    [Anonymous Symbol]                       0x08002d00   Section        0  stm32f4xx_hal_cortex.o(.text.__NVIC_GetPriorityGrouping)
    __NVIC_SetPriority                       0x08002d11   Thumb Code    34  stm32f4xx_hal_cortex.o(.text.__NVIC_SetPriority)
    [Anonymous Symbol]                       0x08002d10   Section        0  stm32f4xx_hal_cortex.o(.text.__NVIC_SetPriority)
    __NVIC_SetPriorityGrouping               0x08002d35   Thumb Code    32  stm32f4xx_hal_cortex.o(.text.__NVIC_SetPriorityGrouping)
    [Anonymous Symbol]                       0x08002d34   Section        0  stm32f4xx_hal_cortex.o(.text.__NVIC_SetPriorityGrouping)
    [Anonymous Symbol]                       0x08002d54   Section        0  retarget_io.o(.text._sys_close)
    [Anonymous Symbol]                       0x08002d68   Section        0  retarget_io.o(.text._sys_flen)
    [Anonymous Symbol]                       0x08002d6c   Section        0  retarget_io.o(.text._sys_istty)
    [Anonymous Symbol]                       0x08002d7c   Section        0  retarget_io.o(.text._sys_open)
    [Anonymous Symbol]                       0x08002de0   Section        0  retarget_io.o(.text._sys_seek)
    [Anonymous Symbol]                       0x08002de8   Section        0  retarget_io.o(.text._sys_write)
    [Anonymous Symbol]                       0x08002e20   Section        0  usart.o(.text.fputc)
    [Anonymous Symbol]                       0x08002e34   Section        0  main.o(.text.main)
    [Anonymous Symbol]                       0x08002e50   Section        0  cpp_startup.o(.text.startup)
    stderr_putchar                           0x08002e99   Thumb Code     4  retarget_io.o(.text.stderr_putchar)
    [Anonymous Symbol]                       0x08002e98   Section        0  retarget_io.o(.text.stderr_putchar)
    stdout_putchar                           0x08002e9d   Thumb Code     4  retarget_io.o(.text.stdout_putchar)
    [Anonymous Symbol]                       0x08002e9c   Section        0  retarget_io.o(.text.stdout_putchar)
    CL$$btod_d2e                             0x08002ea0   Section       62  btod.o(CL$$btod_d2e)
    CL$$btod_d2e_denorm_low                  0x08002ede   Section       70  btod.o(CL$$btod_d2e_denorm_low)
    CL$$btod_d2e_norm_op1                    0x08002f24   Section       96  btod.o(CL$$btod_d2e_norm_op1)
    CL$$btod_div_common                      0x08002f84   Section      824  btod.o(CL$$btod_div_common)
    CL$$btod_e2e                             0x080032bc   Section      220  btod.o(CL$$btod_e2e)
    CL$$btod_ediv                            0x08003398   Section       42  btod.o(CL$$btod_ediv)
    CL$$btod_emul                            0x080033c2   Section       42  btod.o(CL$$btod_emul)
    CL$$btod_mult_common                     0x080033ec   Section      580  btod.o(CL$$btod_mult_common)
    i.__ARM_fpclassify                       0x08003630   Section        0  fpclassify.o(i.__ARM_fpclassify)
    locale$$code                             0x08003660   Section       44  lc_numeric_c.o(locale$$code)
    $v0                                      0x0800368c   Number         0  fpinit.o(x$fpl$fpinit)
    x$fpl$fpinit                             0x0800368c   Section       26  fpinit.o(x$fpl$fpinit)
    $v0                                      0x080036a6   Number         0  printf1.o(x$fpl$printf1)
    x$fpl$printf1                            0x080036a6   Section        4  printf1.o(x$fpl$printf1)
    x$fpl$usenofp                            0x080036aa   Section        0  usenofp.o(x$fpl$usenofp)
    tenpwrs_x                                0x080036ac   Data          60  bigflt0.o(.constdata)
    .constdata                               0x080036ac   Section      148  bigflt0.o(.constdata)
    tenpwrs_i                                0x080036e8   Data          64  bigflt0.o(.constdata)
    .L.str                                   0x0800376f   Data          13  cpp_startup.o(.rodata.str1.1)
    [Anonymous Symbol]                       0x0800376f   Section        0  cpp_startup.o(.rodata.str1.1)
    locale$$data                             0x0800379c   Section       28  lc_numeric_c.o(locale$$data)
    __lcnum_c_name                           0x080037a0   Data           2  lc_numeric_c.o(locale$$data)
    __lcnum_c_start                          0x080037a8   Data           0  lc_numeric_c.o(locale$$data)
    __lcnum_c_point                          0x080037b4   Data           0  lc_numeric_c.o(locale$$data)
    __lcnum_c_thousands                      0x080037b6   Data           0  lc_numeric_c.o(locale$$data)
    __lcnum_c_grouping                       0x080037b7   Data           0  lc_numeric_c.o(locale$$data)
    __lcnum_c_end                            0x080037b8   Data           0  lc_numeric_c.o(locale$$data)
    .data                                    0x20000000   Section        4  stdio_streams.o(.data)
    .data                                    0x20000004   Section        4  stdio_streams.o(.data)
    .data                                    0x20000008   Section        4  stdio_streams.o(.data)
    .bss                                     0x20000018   Section       84  stdio_streams.o(.bss)
    .bss                                     0x2000006c   Section       84  stdio_streams.o(.bss)
    .bss                                     0x200000c0   Section       84  stdio_streams.o(.bss)
    .bss                                     0x20000114   Section       96  libspace.o(.bss)
    Heap_Mem                                 0x20000208   Data         512  startup_stm32f429xx.o(HEAP)
    HEAP                                     0x20000208   Section      512  startup_stm32f429xx.o(HEAP)
    Stack_Mem                                0x20000408   Data        1024  startup_stm32f429xx.o(STACK)
    STACK                                    0x20000408   Section     1024  startup_stm32f429xx.o(STACK)
    __initial_sp                             0x20000808   Data           0  startup_stm32f429xx.o(STACK)

    Global Symbols

    Symbol Name                              Value     Ov Type        Size  Object(Section)

    BuildAttributes$$THM_ISAv4$E$P$D$K$B$S$7EM$VFPi3$EXTD16$VFPS$VFMA$PE$A:L22UL41UL21$X:L11$S22US41US21$IEEE1$IW$~IW$USESV6$~STKCKD$USESV7$~SHL$OTIME$ROPI$IEEEX$EBA8$UX$STANDARDLIB$REQ8$PRES8$EABIv2 0x00000000   Number         0  anon$$obj.o ABSOLUTE
    _printf_flags                            0x00000000   Number         0  printf_stubs.o ABSOLUTE
    _printf_return_value                     0x00000000   Number         0  printf_stubs.o ABSOLUTE
    _printf_sizespec                         0x00000000   Number         0  printf_stubs.o ABSOLUTE
    _printf_widthprec                        0x00000000   Number         0  printf_stubs.o ABSOLUTE
    __ARM_exceptions_init                     - Undefined Weak Reference
    __alloca_initialize                       - Undefined Weak Reference
    __arm_preinit_                            - Undefined Weak Reference
    __cpp_initialize__aeabi_                  - Undefined Weak Reference
    __cxa_finalize                            - Undefined Weak Reference
    __sigvec_lookup                           - Undefined Weak Reference
    __user_heap_extent                        - Undefined Weak Reference
    _atexit_init                              - Undefined Weak Reference
    _call_atexit_fns                          - Undefined Weak Reference
    _clock_init                               - Undefined Weak Reference
    _fp_trap_init                             - Undefined Weak Reference
    _fp_trap_shutdown                         - Undefined Weak Reference
    _get_lc_collate                           - Undefined Weak Reference
    _get_lc_monetary                          - Undefined Weak Reference
    _get_lc_time                              - Undefined Weak Reference
    _getenv_init                              - Undefined Weak Reference
    _handle_redirection                       - Undefined Weak Reference
    _mutex_acquire                            - Undefined Weak Reference
    _mutex_free                               - Undefined Weak Reference
    _mutex_release                            - Undefined Weak Reference
    _printf_mbtowc                            - Undefined Weak Reference
    _printf_post_padding                      - Undefined Weak Reference
    _printf_pre_padding                       - Undefined Weak Reference
    _rand_init                                - Undefined Weak Reference
    _signal_finish                            - Undefined Weak Reference
    _signal_init                              - Undefined Weak Reference
    __Vectors_Size                           0x000001ac   Number         0  startup_stm32f429xx.o ABSOLUTE
    __Vectors                                0x08000000   Data           4  startup_stm32f429xx.o(RESET)
    __Vectors_End                            0x080001ac   Data           0  startup_stm32f429xx.o(RESET)
    __main                                   0x080001ad   Thumb Code     8  __main.o(!!!main)
    __scatterload                            0x080001b5   Thumb Code     0  __scatter.o(!!!scatter)
    __scatterload_rt2                        0x080001b5   Thumb Code    44  __scatter.o(!!!scatter)
    __scatterload_rt2_thumb_only             0x080001b5   Thumb Code     0  __scatter.o(!!!scatter)
    __scatterload_null                       0x080001c3   Thumb Code     0  __scatter.o(!!!scatter)
    __scatterload_copy                       0x080001e9   Thumb Code    26  __scatter_copy.o(!!handler_copy)
    __scatterload_zeroinit                   0x08000205   Thumb Code    28  __scatter_zi.o(!!handler_zi)
    _printf_f                                0x08000221   Thumb Code     0  _printf_f.o(.ARM.Collect$$_printf_percent$$00000003)
    _printf_percent                          0x08000221   Thumb Code     0  _printf_percent.o(.ARM.Collect$$_printf_percent$$00000000)
    _printf_s                                0x08000227   Thumb Code     0  _printf_s.o(.ARM.Collect$$_printf_percent$$00000014)
    _printf_percent_end                      0x0800022d   Thumb Code     0  _printf_percent_end.o(.ARM.Collect$$_printf_percent$$00000017)
    __rt_lib_init                            0x08000231   Thumb Code     0  libinit.o(.ARM.Collect$$libinit$$00000000)
    __rt_lib_init_fp_1                       0x08000233   Thumb Code     0  libinit2.o(.ARM.Collect$$libinit$$00000001)
    __rt_lib_init_heap_2                     0x08000237   Thumb Code     0  libinit2.o(.ARM.Collect$$libinit$$00000005)
    __rt_lib_init_preinit_1                  0x08000237   Thumb Code     0  libinit2.o(.ARM.Collect$$libinit$$00000004)
    __rt_lib_init_heap_1                     0x0800023f   Thumb Code     0  libinit2.o(.ARM.Collect$$libinit$$0000000A)
    __rt_lib_init_lc_common                  0x0800023f   Thumb Code     0  libinit2.o(.ARM.Collect$$libinit$$0000000F)
    __rt_lib_init_rand_1                     0x0800023f   Thumb Code     0  libinit2.o(.ARM.Collect$$libinit$$0000000E)
    __rt_lib_init_user_alloc_1               0x0800023f   Thumb Code     0  libinit2.o(.ARM.Collect$$libinit$$0000000C)
    __rt_lib_init_lc_collate_1               0x08000245   Thumb Code     0  libinit2.o(.ARM.Collect$$libinit$$00000011)
    __rt_lib_init_lc_ctype_1                 0x08000245   Thumb Code     0  libinit2.o(.ARM.Collect$$libinit$$00000013)
    __rt_lib_init_lc_monetary_1              0x08000245   Thumb Code     0  libinit2.o(.ARM.Collect$$libinit$$00000015)
    __rt_lib_init_lc_numeric_2               0x08000245   Thumb Code     0  libinit2.o(.ARM.Collect$$libinit$$00000016)
    __rt_lib_init_atexit_1                   0x0800024f   Thumb Code     0  libinit2.o(.ARM.Collect$$libinit$$0000001B)
    __rt_lib_init_clock_1                    0x0800024f   Thumb Code     0  libinit2.o(.ARM.Collect$$libinit$$00000021)
    __rt_lib_init_fp_trap_1                  0x0800024f   Thumb Code     0  libinit2.o(.ARM.Collect$$libinit$$0000001F)
    __rt_lib_init_getenv_1                   0x0800024f   Thumb Code     0  libinit2.o(.ARM.Collect$$libinit$$00000023)
    __rt_lib_init_lc_numeric_1               0x0800024f   Thumb Code     0  libinit2.o(.ARM.Collect$$libinit$$00000017)
    __rt_lib_init_lc_time_1                  0x0800024f   Thumb Code     0  libinit2.o(.ARM.Collect$$libinit$$00000019)
    __rt_lib_init_signal_1                   0x0800024f   Thumb Code     0  libinit2.o(.ARM.Collect$$libinit$$0000001D)
    __rt_lib_init_stdio_2                    0x0800024f   Thumb Code     0  libinit2.o(.ARM.Collect$$libinit$$00000024)
    __rt_lib_init_alloca_1                   0x08000253   Thumb Code     0  libinit2.o(.ARM.Collect$$libinit$$0000002E)
    __rt_lib_init_argv_1                     0x08000253   Thumb Code     0  libinit2.o(.ARM.Collect$$libinit$$0000002C)
    __rt_lib_init_cpp_1                      0x08000253   Thumb Code     0  libinit2.o(.ARM.Collect$$libinit$$00000032)
    __rt_lib_init_exceptions_1               0x08000253   Thumb Code     0  libinit2.o(.ARM.Collect$$libinit$$00000030)
    __rt_lib_init_return                     0x08000253   Thumb Code     0  libinit2.o(.ARM.Collect$$libinit$$00000033)
    __rt_lib_init_stdio_1                    0x08000253   Thumb Code     0  libinit2.o(.ARM.Collect$$libinit$$00000025)
    __rt_lib_shutdown                        0x08000255   Thumb Code     0  libshutdown.o(.ARM.Collect$$libshutdown$$00000000)
    __rt_lib_shutdown_cpp_1                  0x08000257   Thumb Code     0  libshutdown2.o(.ARM.Collect$$libshutdown$$00000002)
    __rt_lib_shutdown_stdio_2                0x08000257   Thumb Code     0  libshutdown2.o(.ARM.Collect$$libshutdown$$00000003)
    __rt_lib_shutdown_fp_trap_1              0x0800025b   Thumb Code     0  libshutdown2.o(.ARM.Collect$$libshutdown$$00000007)
    __rt_lib_shutdown_heap_1                 0x0800025b   Thumb Code     0  libshutdown2.o(.ARM.Collect$$libshutdown$$0000000F)
    __rt_lib_shutdown_return                 0x0800025b   Thumb Code     0  libshutdown2.o(.ARM.Collect$$libshutdown$$00000010)
    __rt_lib_shutdown_signal_1               0x0800025b   Thumb Code     0  libshutdown2.o(.ARM.Collect$$libshutdown$$0000000A)
    __rt_lib_shutdown_stdio_1                0x0800025b   Thumb Code     0  libshutdown2.o(.ARM.Collect$$libshutdown$$00000004)
    __rt_lib_shutdown_user_alloc_1           0x0800025b   Thumb Code     0  libshutdown2.o(.ARM.Collect$$libshutdown$$0000000C)
    __rt_entry                               0x0800025d   Thumb Code     0  __rtentry.o(.ARM.Collect$$rtentry$$00000000)
    __rt_entry_presh_1                       0x0800025d   Thumb Code     0  __rtentry2.o(.ARM.Collect$$rtentry$$00000002)
    __rt_entry_sh                            0x0800025d   Thumb Code     0  __rtentry4.o(.ARM.Collect$$rtentry$$00000004)
    __rt_entry_li                            0x08000263   Thumb Code     0  __rtentry2.o(.ARM.Collect$$rtentry$$0000000A)
    __rt_entry_postsh_1                      0x08000263   Thumb Code     0  __rtentry2.o(.ARM.Collect$$rtentry$$00000009)
    __rt_entry_main                          0x08000267   Thumb Code     0  __rtentry2.o(.ARM.Collect$$rtentry$$0000000D)
    __rt_entry_postli_1                      0x08000267   Thumb Code     0  __rtentry2.o(.ARM.Collect$$rtentry$$0000000C)
    __rt_exit                                0x0800026f   Thumb Code     0  rtexit.o(.ARM.Collect$$rtexit$$00000000)
    __rt_exit_ls                             0x08000271   Thumb Code     0  rtexit2.o(.ARM.Collect$$rtexit$$00000003)
    __rt_exit_prels_1                        0x08000271   Thumb Code     0  rtexit2.o(.ARM.Collect$$rtexit$$00000002)
    __rt_exit_exit                           0x08000275   Thumb Code     0  rtexit2.o(.ARM.Collect$$rtexit$$00000004)
    Reset_Handler                            0x0800027d   Thumb Code     8  startup_stm32f429xx.o(.text)
    ADC_IRQHandler                           0x08000297   Thumb Code     0  startup_stm32f429xx.o(.text)
    CAN1_RX0_IRQHandler                      0x08000297   Thumb Code     0  startup_stm32f429xx.o(.text)
    CAN1_RX1_IRQHandler                      0x08000297   Thumb Code     0  startup_stm32f429xx.o(.text)
    CAN1_SCE_IRQHandler                      0x08000297   Thumb Code     0  startup_stm32f429xx.o(.text)
    CAN1_TX_IRQHandler                       0x08000297   Thumb Code     0  startup_stm32f429xx.o(.text)
    CAN2_RX0_IRQHandler                      0x08000297   Thumb Code     0  startup_stm32f429xx.o(.text)
    CAN2_RX1_IRQHandler                      0x08000297   Thumb Code     0  startup_stm32f429xx.o(.text)
    CAN2_SCE_IRQHandler                      0x08000297   Thumb Code     0  startup_stm32f429xx.o(.text)
    CAN2_TX_IRQHandler                       0x08000297   Thumb Code     0  startup_stm32f429xx.o(.text)
    DCMI_IRQHandler                          0x08000297   Thumb Code     0  startup_stm32f429xx.o(.text)
    DMA1_Stream0_IRQHandler                  0x08000297   Thumb Code     0  startup_stm32f429xx.o(.text)
    DMA1_Stream1_IRQHandler                  0x08000297   Thumb Code     0  startup_stm32f429xx.o(.text)
    DMA1_Stream2_IRQHandler                  0x08000297   Thumb Code     0  startup_stm32f429xx.o(.text)
    DMA1_Stream3_IRQHandler                  0x08000297   Thumb Code     0  startup_stm32f429xx.o(.text)
    DMA1_Stream4_IRQHandler                  0x08000297   Thumb Code     0  startup_stm32f429xx.o(.text)
    DMA1_Stream5_IRQHandler                  0x08000297   Thumb Code     0  startup_stm32f429xx.o(.text)
    DMA1_Stream6_IRQHandler                  0x08000297   Thumb Code     0  startup_stm32f429xx.o(.text)
    DMA1_Stream7_IRQHandler                  0x08000297   Thumb Code     0  startup_stm32f429xx.o(.text)
    DMA2D_IRQHandler                         0x08000297   Thumb Code     0  startup_stm32f429xx.o(.text)
    DMA2_Stream0_IRQHandler                  0x08000297   Thumb Code     0  startup_stm32f429xx.o(.text)
    DMA2_Stream1_IRQHandler                  0x08000297   Thumb Code     0  startup_stm32f429xx.o(.text)
    DMA2_Stream2_IRQHandler                  0x08000297   Thumb Code     0  startup_stm32f429xx.o(.text)
    DMA2_Stream3_IRQHandler                  0x08000297   Thumb Code     0  startup_stm32f429xx.o(.text)
    DMA2_Stream4_IRQHandler                  0x08000297   Thumb Code     0  startup_stm32f429xx.o(.text)
    DMA2_Stream5_IRQHandler                  0x08000297   Thumb Code     0  startup_stm32f429xx.o(.text)
    DMA2_Stream6_IRQHandler                  0x08000297   Thumb Code     0  startup_stm32f429xx.o(.text)
    DMA2_Stream7_IRQHandler                  0x08000297   Thumb Code     0  startup_stm32f429xx.o(.text)
    ETH_IRQHandler                           0x08000297   Thumb Code     0  startup_stm32f429xx.o(.text)
    ETH_WKUP_IRQHandler                      0x08000297   Thumb Code     0  startup_stm32f429xx.o(.text)
    EXTI0_IRQHandler                         0x08000297   Thumb Code     0  startup_stm32f429xx.o(.text)
    EXTI15_10_IRQHandler                     0x08000297   Thumb Code     0  startup_stm32f429xx.o(.text)
    EXTI1_IRQHandler                         0x08000297   Thumb Code     0  startup_stm32f429xx.o(.text)
    EXTI2_IRQHandler                         0x08000297   Thumb Code     0  startup_stm32f429xx.o(.text)
    EXTI3_IRQHandler                         0x08000297   Thumb Code     0  startup_stm32f429xx.o(.text)
    EXTI4_IRQHandler                         0x08000297   Thumb Code     0  startup_stm32f429xx.o(.text)
    EXTI9_5_IRQHandler                       0x08000297   Thumb Code     0  startup_stm32f429xx.o(.text)
    FLASH_IRQHandler                         0x08000297   Thumb Code     0  startup_stm32f429xx.o(.text)
    FMC_IRQHandler                           0x08000297   Thumb Code     0  startup_stm32f429xx.o(.text)
    FPU_IRQHandler                           0x08000297   Thumb Code     0  startup_stm32f429xx.o(.text)
    HASH_RNG_IRQHandler                      0x08000297   Thumb Code     0  startup_stm32f429xx.o(.text)
    I2C1_ER_IRQHandler                       0x08000297   Thumb Code     0  startup_stm32f429xx.o(.text)
    I2C1_EV_IRQHandler                       0x08000297   Thumb Code     0  startup_stm32f429xx.o(.text)
    I2C2_ER_IRQHandler                       0x08000297   Thumb Code     0  startup_stm32f429xx.o(.text)
    I2C2_EV_IRQHandler                       0x08000297   Thumb Code     0  startup_stm32f429xx.o(.text)
    I2C3_ER_IRQHandler                       0x08000297   Thumb Code     0  startup_stm32f429xx.o(.text)
    I2C3_EV_IRQHandler                       0x08000297   Thumb Code     0  startup_stm32f429xx.o(.text)
    LTDC_ER_IRQHandler                       0x08000297   Thumb Code     0  startup_stm32f429xx.o(.text)
    LTDC_IRQHandler                          0x08000297   Thumb Code     0  startup_stm32f429xx.o(.text)
    OTG_FS_IRQHandler                        0x08000297   Thumb Code     0  startup_stm32f429xx.o(.text)
    OTG_FS_WKUP_IRQHandler                   0x08000297   Thumb Code     0  startup_stm32f429xx.o(.text)
    OTG_HS_EP1_IN_IRQHandler                 0x08000297   Thumb Code     0  startup_stm32f429xx.o(.text)
    OTG_HS_EP1_OUT_IRQHandler                0x08000297   Thumb Code     0  startup_stm32f429xx.o(.text)
    OTG_HS_IRQHandler                        0x08000297   Thumb Code     0  startup_stm32f429xx.o(.text)
    OTG_HS_WKUP_IRQHandler                   0x08000297   Thumb Code     0  startup_stm32f429xx.o(.text)
    PVD_IRQHandler                           0x08000297   Thumb Code     0  startup_stm32f429xx.o(.text)
    RCC_IRQHandler                           0x08000297   Thumb Code     0  startup_stm32f429xx.o(.text)
    RTC_Alarm_IRQHandler                     0x08000297   Thumb Code     0  startup_stm32f429xx.o(.text)
    RTC_WKUP_IRQHandler                      0x08000297   Thumb Code     0  startup_stm32f429xx.o(.text)
    SAI1_IRQHandler                          0x08000297   Thumb Code     0  startup_stm32f429xx.o(.text)
    SDIO_IRQHandler                          0x08000297   Thumb Code     0  startup_stm32f429xx.o(.text)
    SPI1_IRQHandler                          0x08000297   Thumb Code     0  startup_stm32f429xx.o(.text)
    SPI2_IRQHandler                          0x08000297   Thumb Code     0  startup_stm32f429xx.o(.text)
    SPI3_IRQHandler                          0x08000297   Thumb Code     0  startup_stm32f429xx.o(.text)
    SPI4_IRQHandler                          0x08000297   Thumb Code     0  startup_stm32f429xx.o(.text)
    SPI5_IRQHandler                          0x08000297   Thumb Code     0  startup_stm32f429xx.o(.text)
    SPI6_IRQHandler                          0x08000297   Thumb Code     0  startup_stm32f429xx.o(.text)
    TAMP_STAMP_IRQHandler                    0x08000297   Thumb Code     0  startup_stm32f429xx.o(.text)
    TIM1_BRK_TIM9_IRQHandler                 0x08000297   Thumb Code     0  startup_stm32f429xx.o(.text)
    TIM1_CC_IRQHandler                       0x08000297   Thumb Code     0  startup_stm32f429xx.o(.text)
    TIM1_TRG_COM_TIM11_IRQHandler            0x08000297   Thumb Code     0  startup_stm32f429xx.o(.text)
    TIM1_UP_TIM10_IRQHandler                 0x08000297   Thumb Code     0  startup_stm32f429xx.o(.text)
    TIM2_IRQHandler                          0x08000297   Thumb Code     0  startup_stm32f429xx.o(.text)
    TIM4_IRQHandler                          0x08000297   Thumb Code     0  startup_stm32f429xx.o(.text)
    TIM5_IRQHandler                          0x08000297   Thumb Code     0  startup_stm32f429xx.o(.text)
    TIM6_DAC_IRQHandler                      0x08000297   Thumb Code     0  startup_stm32f429xx.o(.text)
    TIM7_IRQHandler                          0x08000297   Thumb Code     0  startup_stm32f429xx.o(.text)
    TIM8_BRK_TIM12_IRQHandler                0x08000297   Thumb Code     0  startup_stm32f429xx.o(.text)
    TIM8_CC_IRQHandler                       0x08000297   Thumb Code     0  startup_stm32f429xx.o(.text)
    TIM8_TRG_COM_TIM14_IRQHandler            0x08000297   Thumb Code     0  startup_stm32f429xx.o(.text)
    TIM8_UP_TIM13_IRQHandler                 0x08000297   Thumb Code     0  startup_stm32f429xx.o(.text)
    UART4_IRQHandler                         0x08000297   Thumb Code     0  startup_stm32f429xx.o(.text)
    UART5_IRQHandler                         0x08000297   Thumb Code     0  startup_stm32f429xx.o(.text)
    UART7_IRQHandler                         0x08000297   Thumb Code     0  startup_stm32f429xx.o(.text)
    UART8_IRQHandler                         0x08000297   Thumb Code     0  startup_stm32f429xx.o(.text)
    USART2_IRQHandler                        0x08000297   Thumb Code     0  startup_stm32f429xx.o(.text)
    USART3_IRQHandler                        0x08000297   Thumb Code     0  startup_stm32f429xx.o(.text)
    USART6_IRQHandler                        0x08000297   Thumb Code     0  startup_stm32f429xx.o(.text)
    WWDG_IRQHandler                          0x08000297   Thumb Code     0  startup_stm32f429xx.o(.text)
    __user_initial_stackheap                 0x08000299   Thumb Code     0  startup_stm32f429xx.o(.text)
    __aeabi_uldivmod                         0x080002bd   Thumb Code     0  lludivv7m.o(.text)
    _ll_udiv                                 0x080002bd   Thumb Code   240  lludivv7m.o(.text)
    __2printf                                0x080003ad   Thumb Code    20  __2printf.o(.text)
    _printf_str                              0x080003c5   Thumb Code    82  _printf_str.o(.text)
    __printf                                 0x08000417   Thumb Code   184  __printf_ss.o(.text)
    strlen                                   0x080004cf   Thumb Code    62  strlen.o(.text)
    __aeabi_memcpy                           0x0800050d   Thumb Code     0  rt_memcpy_v6.o(.text)
    __rt_memcpy                              0x0800050d   Thumb Code   138  rt_memcpy_v6.o(.text)
    _memcpy_lastbytes                        0x08000573   Thumb Code     0  rt_memcpy_v6.o(.text)
    __aeabi_memclr4                          0x08000597   Thumb Code     0  rt_memclr_w.o(.text)
    __aeabi_memclr8                          0x08000597   Thumb Code     0  rt_memclr_w.o(.text)
    __rt_memclr_w                            0x08000597   Thumb Code     0  rt_memclr_w.o(.text)
    _memset_w                                0x0800059b   Thumb Code    74  rt_memclr_w.o(.text)
    strcmp                                   0x080005e9   Thumb Code   124  strcmpv7em.o(.text)
    __use_two_region_memory                  0x08000665   Thumb Code     2  heapauxi.o(.text)
    __rt_heap_escrow                         0x08000667   Thumb Code     2  heapauxi.o(.text)
    __rt_heap_expand                         0x08000669   Thumb Code     2  heapauxi.o(.text)
    __aeabi_errno_addr                       0x0800066d   Thumb Code     8  rt_errno_addr_intlibspace.o(.text)
    __errno$intlibspace                      0x0800066d   Thumb Code     0  rt_errno_addr_intlibspace.o(.text)
    __rt_errno_addr$intlibspace              0x0800066d   Thumb Code     0  rt_errno_addr_intlibspace.o(.text)
    _printf_cs_common                        0x08000675   Thumb Code    20  _printf_char.o(.text)
    _printf_char                             0x08000689   Thumb Code    16  _printf_char.o(.text)
    _printf_string                           0x08000699   Thumb Code     8  _printf_char.o(.text)
    _printf_char_file                        0x080006a1   Thumb Code    32  _printf_char_file.o(.text)
    abort                                    0x080006c5   Thumb Code    22  abort.o(.text)
    __aeabi_memcpy4                          0x080006db   Thumb Code     0  rt_memcpy_w.o(.text)
    __aeabi_memcpy8                          0x080006db   Thumb Code     0  rt_memcpy_w.o(.text)
    __rt_memcpy_w                            0x080006db   Thumb Code   100  rt_memcpy_w.o(.text)
    _memcpy_lastbytes_aligned                0x08000723   Thumb Code     0  rt_memcpy_w.o(.text)
    _sys_exit                                0x08000741   Thumb Code     8  sys_exit.o(.text)
    __user_libspace                          0x0800074d   Thumb Code     8  libspace.o(.text)
    __user_perproc_libspace                  0x0800074d   Thumb Code     0  libspace.o(.text)
    __user_perthread_libspace                0x0800074d   Thumb Code     0  libspace.o(.text)
    malloc                                   0x08000755   Thumb Code    94  h1_alloc.o(.text)
    free                                     0x080007b3   Thumb Code    78  h1_free.o(.text)
    _printf_fp_dec_real                      0x080009b1   Thumb Code   620  _printf_fp_dec.o(.text)
    _printf_char_common                      0x08000c27   Thumb Code    32  _printf_char_common.o(.text)
    ferror                                   0x08000c4d   Thumb Code     8  ferror.o(.text)
    _initio                                  0x08000c55   Thumb Code   210  initio.o(.text)
    _terminateio                             0x08000d27   Thumb Code    56  initio.o(.text)
    __rt_SIGABRT                             0x08000d8d   Thumb Code    14  defsig_abrt_outer.o(.text)
    __I$use$semihosting                      0x08000d9b   Thumb Code     0  use_no_semi.o(.text)
    __use_no_semihosting_swi                 0x08000d9b   Thumb Code     2  use_no_semi.o(.text)
    __semihosting_library_function           0x08000d9d   Thumb Code     0  indicate_semi.o(.text)
    __user_setup_stackheap                   0x08000d9d   Thumb Code    74  sys_stackheap_outer.o(.text)
    __rt_heap_descriptor                     0x08000de9   Thumb Code     8  rt_heap_descriptor_intlibspace.o(.text)
    __rt_locale                              0x08000df1   Thumb Code     8  rt_locale_intlibspace.o(.text)
    __use_no_heap                            0x08000df9   Thumb Code     2  hguard.o(.text)
    __heap$guard                             0x08000dfb   Thumb Code     2  hguard.o(.text)
    _terminate_user_alloc                    0x08000dfd   Thumb Code     2  init_alloc.o(.text)
    _init_user_alloc                         0x08000dff   Thumb Code     2  init_alloc.o(.text)
    __Heap_Full                              0x08000e01   Thumb Code    34  init_alloc.o(.text)
    __Heap_Broken                            0x08000e23   Thumb Code     6  init_alloc.o(.text)
    _init_alloc                              0x08000e29   Thumb Code    94  init_alloc.o(.text)
    __Heap_Initialize                        0x08000e87   Thumb Code    10  h1_init.o(.text)
    __Heap_DescSize                          0x08000e91   Thumb Code     4  h1_init.o(.text)
    _ll_udiv10                               0x08000e95   Thumb Code   138  lludiv10.o(.text)
    _printf_fp_infnan                        0x08000f21   Thumb Code   112  _printf_fp_infnan.o(.text)
    _btod_etento                             0x08000fa1   Thumb Code   224  bigflt0.o(.text)
    setvbuf                                  0x08001085   Thumb Code    70  setvbuf.o(.text)
    freopen                                  0x080010cd   Thumb Code   160  fopen.o(.text)
    fopen                                    0x0800116d   Thumb Code    74  fopen.o(.text)
    _fclose_internal                         0x080011bd   Thumb Code    76  fclose.o(.text)
    fclose                                   0x080011bd   Thumb Code     0  fclose.o(.text)
    exit                                     0x08001209   Thumb Code    18  exit.o(.text)
    __sig_exit                               0x0800121b   Thumb Code    10  defsig_exit.o(.text)
    __rt_SIGABRT_inner                       0x08001225   Thumb Code    14  defsig_abrt_inner.o(.text)
    __rt_SIGRTRED                            0x08001255   Thumb Code    14  defsig_rtred_outer.o(.text)
    __Heap_ProvideMemory                     0x08001263   Thumb Code    52  h1_extend.o(.text)
    _maybe_terminate_alloc                   0x08001263   Thumb Code     0  maybetermalloc1.o(.text)
    _fseek                                   0x08001299   Thumb Code   242  fseek.o(.text)
    fseek                                    0x08001299   Thumb Code     0  fseek.o(.text)
    _seterr                                  0x08001391   Thumb Code    20  stdio.o(.text)
    _writebuf                                0x080013a5   Thumb Code    84  stdio.o(.text)
    _fflush                                  0x080013f9   Thumb Code    70  stdio.o(.text)
    _deferredlazyseek                        0x0800143f   Thumb Code    60  stdio.o(.text)
    __default_signal_display                 0x08001481   Thumb Code    50  defsig_general.o(.text)
    __rt_SIGRTRED_inner                      0x080014b5   Thumb Code    14  defsig_rtred_inner.o(.text)
    __rt_SIGRTMEM                            0x080014e9   Thumb Code    14  defsig_rtmem_outer.o(.text)
    _ttywrch                                 0x080014f7   Thumb Code    14  sys_wrch.o(.text)
    _ftell_internal                          0x08001505   Thumb Code    66  ftell.o(.text)
    ftell                                    0x08001505   Thumb Code     0  ftell.o(.text)
    __rt_SIGRTMEM_inner                      0x08001549   Thumb Code    22  defsig_rtmem_inner.o(.text)
    BusFault_Handler                         0x08001599   Thumb Code     2  stm32f4xx_it.o(.text.BusFault_Handler)
    DebugMon_Handler                         0x0800159d   Thumb Code     2  stm32f4xx_it.o(.text.DebugMon_Handler)
    Error_Handler                            0x080015a1   Thumb Code    10  main.o(.text.Error_Handler)
    HAL_DMA_Abort                            0x080015ad   Thumb Code   128  stm32f4xx_hal_dma.o(.text.HAL_DMA_Abort)
    HAL_DMA_Abort_IT                         0x0800162d   Thumb Code    36  stm32f4xx_hal_dma.o(.text.HAL_DMA_Abort_IT)
    HAL_Delay                                0x08001651   Thumb Code    40  stm32f4xx_hal.o(.text.HAL_Delay)
    HAL_GPIO_Init                            0x08001679   Thumb Code   410  stm32f4xx_hal_gpio.o(.text.HAL_GPIO_Init)
    HAL_GetTick                              0x08001815   Thumb Code    12  stm32f4xx_hal.o(.text.HAL_GetTick)
    HAL_IncTick                              0x08001821   Thumb Code    26  stm32f4xx_hal.o(.text.HAL_IncTick)
    HAL_Init                                 0x0800183d   Thumb Code    54  stm32f4xx_hal.o(.text.HAL_Init)
    HAL_InitTick                             0x08001875   Thumb Code    80  stm32f4xx_hal.o(.text.HAL_InitTick)
    HAL_MspInit                              0x080018c5   Thumb Code    56  stm32f4xx_hal_msp.o(.text.HAL_MspInit)
    HAL_NVIC_EnableIRQ                       0x080018fd   Thumb Code     8  stm32f4xx_hal_cortex.o(.text.HAL_NVIC_EnableIRQ)
    HAL_NVIC_SetPriority                     0x08001905   Thumb Code    30  stm32f4xx_hal_cortex.o(.text.HAL_NVIC_SetPriority)
    HAL_NVIC_SetPriorityGrouping             0x08001925   Thumb Code     8  stm32f4xx_hal_cortex.o(.text.HAL_NVIC_SetPriorityGrouping)
    HAL_PWREx_EnableOverDrive                0x0800192d   Thumb Code   122  stm32f4xx_hal_pwr_ex.o(.text.HAL_PWREx_EnableOverDrive)
    HAL_RCC_ClockConfig                      0x080019a9   Thumb Code   352  stm32f4xx_hal_rcc.o(.text.HAL_RCC_ClockConfig)
    HAL_RCC_GetHCLKFreq                      0x08001b09   Thumb Code    12  stm32f4xx_hal_rcc.o(.text.HAL_RCC_GetHCLKFreq)
    HAL_RCC_GetPCLK1Freq                     0x08001b15   Thumb Code    34  stm32f4xx_hal_rcc.o(.text.HAL_RCC_GetPCLK1Freq)
    HAL_RCC_GetPCLK2Freq                     0x08001b39   Thumb Code    34  stm32f4xx_hal_rcc.o(.text.HAL_RCC_GetPCLK2Freq)
    HAL_RCC_GetSysClockFreq                  0x08001b5d   Thumb Code   104  stm32f4xx_hal_rcc.o(.text.HAL_RCC_GetSysClockFreq)
    HAL_RCC_OscConfig                        0x08001bc5   Thumb Code   840  stm32f4xx_hal_rcc.o(.text.HAL_RCC_OscConfig)
    HAL_SYSTICK_Config                       0x08001f0d   Thumb Code     8  stm32f4xx_hal_cortex.o(.text.HAL_SYSTICK_Config)
    HAL_TIMEx_BreakCallback                  0x08001f15   Thumb Code     2  stm32f4xx_hal_tim_ex.o(.text.HAL_TIMEx_BreakCallback)
    HAL_TIMEx_CommutCallback                 0x08001f19   Thumb Code     2  stm32f4xx_hal_tim_ex.o(.text.HAL_TIMEx_CommutCallback)
    HAL_TIMEx_MasterConfigSynchronization    0x08001f1d   Thumb Code   184  stm32f4xx_hal_tim_ex.o(.text.HAL_TIMEx_MasterConfigSynchronization)
    HAL_TIM_Base_Init                        0x08001fd5   Thumb Code    90  stm32f4xx_hal_tim.o(.text.HAL_TIM_Base_Init)
    HAL_TIM_Base_MspInit                     0x08002031   Thumb Code    72  tim.o(.text.HAL_TIM_Base_MspInit)
    HAL_TIM_ConfigClockSource                0x08002079   Thumb Code   222  stm32f4xx_hal_tim.o(.text.HAL_TIM_ConfigClockSource)
    HAL_TIM_IC_CaptureCallback               0x08002159   Thumb Code     2  stm32f4xx_hal_tim.o(.text.HAL_TIM_IC_CaptureCallback)
    HAL_TIM_IRQHandler                       0x0800215d   Thumb Code   362  stm32f4xx_hal_tim.o(.text.HAL_TIM_IRQHandler)
    HAL_TIM_OC_DelayElapsedCallback          0x080022c9   Thumb Code     2  stm32f4xx_hal_tim.o(.text.HAL_TIM_OC_DelayElapsedCallback)
    HAL_TIM_PWM_PulseFinishedCallback        0x080022cd   Thumb Code     2  stm32f4xx_hal_tim.o(.text.HAL_TIM_PWM_PulseFinishedCallback)
    HAL_TIM_PeriodElapsedCallback            0x080022d1   Thumb Code     2  stm32f4xx_hal_tim.o(.text.HAL_TIM_PeriodElapsedCallback)
    HAL_TIM_TriggerCallback                  0x080022d5   Thumb Code     2  stm32f4xx_hal_tim.o(.text.HAL_TIM_TriggerCallback)
    HAL_UARTEx_RxEventCallback               0x080022d9   Thumb Code     2  stm32f4xx_hal_uart.o(.text.HAL_UARTEx_RxEventCallback)
    HAL_UART_ErrorCallback                   0x080022dd   Thumb Code     2  stm32f4xx_hal_uart.o(.text.HAL_UART_ErrorCallback)
    HAL_UART_IRQHandler                      0x080022e1   Thumb Code   570  stm32f4xx_hal_uart.o(.text.HAL_UART_IRQHandler)
    HAL_UART_Init                            0x0800251d   Thumb Code    94  stm32f4xx_hal_uart.o(.text.HAL_UART_Init)
    HAL_UART_MspInit                         0x0800257d   Thumb Code   132  usart.o(.text.HAL_UART_MspInit)
    HAL_UART_RxCpltCallback                  0x08002601   Thumb Code     2  stm32f4xx_hal_uart.o(.text.HAL_UART_RxCpltCallback)
    HAL_UART_TxCpltCallback                  0x08002605   Thumb Code     2  stm32f4xx_hal_uart.o(.text.HAL_UART_TxCpltCallback)
    HardFault_Handler                        0x08002609   Thumb Code     2  stm32f4xx_it.o(.text.HardFault_Handler)
    MX_GPIO_Init                             0x0800260d   Thumb Code    56  gpio.o(.text.MX_GPIO_Init)
    MX_TIM3_Init                             0x08002645   Thumb Code   126  tim.o(.text.MX_TIM3_Init)
    MX_USART1_UART_Init                      0x080026c5   Thumb Code    56  usart.o(.text.MX_USART1_UART_Init)
    MemManage_Handler                        0x080026fd   Thumb Code     2  stm32f4xx_it.o(.text.MemManage_Handler)
    NMI_Handler                              0x08002701   Thumb Code     2  stm32f4xx_it.o(.text.NMI_Handler)
    PendSV_Handler                           0x08002731   Thumb Code     2  stm32f4xx_it.o(.text.PendSV_Handler)
    SVC_Handler                              0x08002735   Thumb Code     2  stm32f4xx_it.o(.text.SVC_Handler)
    SysTick_Handler                          0x08002769   Thumb Code     8  stm32f4xx_it.o(.text.SysTick_Handler)
    SystemClock_Config                       0x08002771   Thumb Code   176  main.o(.text.SystemClock_Config)
    SystemInit                               0x08002821   Thumb Code    18  system_stm32f4xx.o(.text.SystemInit)
    TIM3_IRQHandler                          0x08002835   Thumb Code    16  stm32f4xx_it.o(.text.TIM3_IRQHandler)
    TIM_Base_SetConfig                       0x08002845   Thumb Code   292  stm32f4xx_hal_tim.o(.text.TIM_Base_SetConfig)
    TIM_ETR_SetConfig                        0x08002969   Thumb Code    22  stm32f4xx_hal_tim.o(.text.TIM_ETR_SetConfig)
    USART1_IRQHandler                        0x08002c45   Thumb Code    16  stm32f4xx_it.o(.text.USART1_IRQHandler)
    UsageFault_Handler                       0x08002c55   Thumb Code     2  stm32f4xx_it.o(.text.UsageFault_Handler)
    std::__2::char_traits<char>::length(char const*) 0x08002c59   Thumb Code     8  cpp_startup.o(.text._ZNSt3__211char_traitsIcE6lengthEPKc)
    std::__2::basic_string<char, std::__2::char_traits<char>, std::__2::allocator<char> >::__init(char const*, unsigned int) 0x08002c61   Thumb Code    74  string.cpp.o(.text._ZNSt3__212basic_stringIcNS_11char_traitsIcEENS_9allocatorIcEEE6__initEPKcj)
    std::get_new_handler()                   0x08002cab   Thumb Code    12  cxa_handlers.cpp.o(.text._ZSt15get_new_handlerv)
    operator new(unsigned int)               0x08002cb9   Thumb Code    38  new.cpp.o(.text._Znwj)
    _sys_close                               0x08002d55   Thumb Code    18  retarget_io.o(.text._sys_close)
    _sys_flen                                0x08002d69   Thumb Code     4  retarget_io.o(.text._sys_flen)
    _sys_istty                               0x08002d6d   Thumb Code    16  retarget_io.o(.text._sys_istty)
    _sys_open                                0x08002d7d   Thumb Code    76  retarget_io.o(.text._sys_open)
    _sys_seek                                0x08002de1   Thumb Code     6  retarget_io.o(.text._sys_seek)
    _sys_write                               0x08002de9   Thumb Code    54  retarget_io.o(.text._sys_write)
    fputc                                    0x08002e21   Thumb Code    20  usart.o(.text.fputc)
    main                                     0x08002e35   Thumb Code    26  main.o(.text.main)
    startup                                  0x08002e51   Thumb Code    60  cpp_startup.o(.text.startup)
    _btod_d2e                                0x08002ea1   Thumb Code    62  btod.o(CL$$btod_d2e)
    _d2e_denorm_low                          0x08002edf   Thumb Code    70  btod.o(CL$$btod_d2e_denorm_low)
    _d2e_norm_op1                            0x08002f25   Thumb Code    96  btod.o(CL$$btod_d2e_norm_op1)
    __btod_div_common                        0x08002f85   Thumb Code   696  btod.o(CL$$btod_div_common)
    _e2e                                     0x080032bd   Thumb Code   220  btod.o(CL$$btod_e2e)
    _btod_ediv                               0x08003399   Thumb Code    42  btod.o(CL$$btod_ediv)
    _btod_emul                               0x080033c3   Thumb Code    42  btod.o(CL$$btod_emul)
    __btod_mult_common                       0x080033ed   Thumb Code   580  btod.o(CL$$btod_mult_common)
    __ARM_fpclassify                         0x08003631   Thumb Code    48  fpclassify.o(i.__ARM_fpclassify)
    _get_lc_numeric                          0x08003661   Thumb Code    44  lc_numeric_c.o(locale$$code)
    _fp_init                                 0x0800368d   Thumb Code    26  fpinit.o(x$fpl$fpinit)
    __fplib_config_fpu_vfp                   0x080036a5   Thumb Code     0  fpinit.o(x$fpl$fpinit)
    __fplib_config_pureend_doubles           0x080036a5   Thumb Code     0  fpinit.o(x$fpl$fpinit)
    _printf_fp_dec                           0x080036a7   Thumb Code     4  printf1.o(x$fpl$printf1)
    __I$use$fp                               0x080036aa   Number         0  usenofp.o(x$fpl$usenofp)
    AHBPrescTable                            0x08003740   Data          16  system_stm32f4xx.o(.rodata.AHBPrescTable)
    APBPrescTable                            0x08003750   Data           8  system_stm32f4xx.o(.rodata.APBPrescTable)
    __stderr_name                            0x08003758   Data           8  retarget_io.o(.rodata.__stderr_name)
    __stdin_name                             0x08003760   Data           7  retarget_io.o(.rodata.__stdin_name)
    __stdout_name                            0x08003767   Data           8  retarget_io.o(.rodata.__stdout_name)
    Region$$Table$$Base                      0x0800377c   Number         0  anon$$obj.o(Region$$Table)
    Region$$Table$$Limit                     0x0800379c   Number         0  anon$$obj.o(Region$$Table)
    __aeabi_stdin                            0x20000000   Data           4  stdio_streams.o(.data)
    __aeabi_stdout                           0x20000004   Data           4  stdio_streams.o(.data)
    __aeabi_stderr                           0x20000008   Data           4  stdio_streams.o(.data)
    SystemCoreClock                          0x2000000c   Data           4  system_stm32f4xx.o(.data.SystemCoreClock)
    uwTickFreq                               0x20000010   Data           1  stm32f4xx_hal.o(.data.uwTickFreq)
    uwTickPrio                               0x20000014   Data           4  stm32f4xx_hal.o(.data.uwTickPrio)
    __stdin                                  0x20000018   Data          84  stdio_streams.o(.bss)
    __stdout                                 0x2000006c   Data          84  stdio_streams.o(.bss)
    __stderr                                 0x200000c0   Data          84  stdio_streams.o(.bss)
    __libspace_start                         0x20000114   Data          96  libspace.o(.bss)
    __cxa_new_handler                        0x20000174   Data           4  cxa_handlers.cpp.o(.bss.__cxa_new_handler)
    __temporary_stack_top$libspace           0x20000174   Data           0  libspace.o(.bss)
    htim3                                    0x20000178   Data          72  tim.o(.bss.htim3)
    huart1                                   0x200001c0   Data          68  usart.o(.bss.huart1)
    uwTick                                   0x20000204   Data           4  stm32f4xx_hal.o(.bss.uwTick)



==============================================================================

Memory Map of the image

  Image Entry point : 0x080001ad

  Load Region LR_IROM1 (Base: 0x08000000, Size: 0x000037d0, Max: 0x00100000, ABSOLUTE)

    Execution Region ER_IROM1 (Exec base: 0x08000000, Load base: 0x08000000, Size: 0x000037b8, Max: 0x00100000, ABSOLUTE)

    Exec Addr    Load Addr    Size         Type   Attr      Idx    E Section Name        Object

    0x08000000   0x08000000   0x000001ac   Data   RO            3    RESET               startup_stm32f429xx.o
    0x080001ac   0x080001ac   0x00000008   Code   RO         1149  * !!!main             c_w.l(__main.o)
    0x080001b4   0x080001b4   0x00000034   Code   RO         2157    !!!scatter          c_w.l(__scatter.o)
    0x080001e8   0x080001e8   0x0000001a   Code   RO         2159    !!handler_copy      c_w.l(__scatter_copy.o)
    0x08000202   0x08000202   0x00000002   PAD
    0x08000204   0x08000204   0x0000001c   Code   RO         2161    !!handler_zi        c_w.l(__scatter_zi.o)
    0x08000220   0x08000220   0x00000000   Code   RO         1138    .ARM.Collect$$_printf_percent$$00000000  c_w.l(_printf_percent.o)
    0x08000220   0x08000220   0x00000006   Code   RO         1465    .ARM.Collect$$_printf_percent$$00000003  c_w.l(_printf_f.o)
    0x08000226   0x08000226   0x00000006   Code   RO         1137    .ARM.Collect$$_printf_percent$$00000014  c_w.l(_printf_s.o)
    0x0800022c   0x0800022c   0x00000004   Code   RO         1466    .ARM.Collect$$_printf_percent$$00000017  c_w.l(_printf_percent_end.o)
    0x08000230   0x08000230   0x00000002   Code   RO         1899    .ARM.Collect$$libinit$$00000000  c_w.l(libinit.o)
    0x08000232   0x08000232   0x00000004   Code   RO         1900    .ARM.Collect$$libinit$$00000001  c_w.l(libinit2.o)
    0x08000236   0x08000236   0x00000000   Code   RO         1903    .ARM.Collect$$libinit$$00000004  c_w.l(libinit2.o)
    0x08000236   0x08000236   0x00000008   Code   RO         1904    .ARM.Collect$$libinit$$00000005  c_w.l(libinit2.o)
    0x0800023e   0x0800023e   0x00000000   Code   RO         1906    .ARM.Collect$$libinit$$0000000A  c_w.l(libinit2.o)
    0x0800023e   0x0800023e   0x00000000   Code   RO         1908    .ARM.Collect$$libinit$$0000000C  c_w.l(libinit2.o)
    0x0800023e   0x0800023e   0x00000000   Code   RO         1910    .ARM.Collect$$libinit$$0000000E  c_w.l(libinit2.o)
    0x0800023e   0x0800023e   0x00000006   Code   RO         1911    .ARM.Collect$$libinit$$0000000F  c_w.l(libinit2.o)
    0x08000244   0x08000244   0x00000000   Code   RO         1913    .ARM.Collect$$libinit$$00000011  c_w.l(libinit2.o)
    0x08000244   0x08000244   0x00000000   Code   RO         1915    .ARM.Collect$$libinit$$00000013  c_w.l(libinit2.o)
    0x08000244   0x08000244   0x00000000   Code   RO         1917    .ARM.Collect$$libinit$$00000015  c_w.l(libinit2.o)
    0x08000244   0x08000244   0x0000000a   Code   RO         1918    .ARM.Collect$$libinit$$00000016  c_w.l(libinit2.o)
    0x0800024e   0x0800024e   0x00000000   Code   RO         1919    .ARM.Collect$$libinit$$00000017  c_w.l(libinit2.o)
    0x0800024e   0x0800024e   0x00000000   Code   RO         1921    .ARM.Collect$$libinit$$00000019  c_w.l(libinit2.o)
    0x0800024e   0x0800024e   0x00000000   Code   RO         1923    .ARM.Collect$$libinit$$0000001B  c_w.l(libinit2.o)
    0x0800024e   0x0800024e   0x00000000   Code   RO         1925    .ARM.Collect$$libinit$$0000001D  c_w.l(libinit2.o)
    0x0800024e   0x0800024e   0x00000000   Code   RO         1927    .ARM.Collect$$libinit$$0000001F  c_w.l(libinit2.o)
    0x0800024e   0x0800024e   0x00000000   Code   RO         1929    .ARM.Collect$$libinit$$00000021  c_w.l(libinit2.o)
    0x0800024e   0x0800024e   0x00000000   Code   RO         1931    .ARM.Collect$$libinit$$00000023  c_w.l(libinit2.o)
    0x0800024e   0x0800024e   0x00000004   Code   RO         1932    .ARM.Collect$$libinit$$00000024  c_w.l(libinit2.o)
    0x08000252   0x08000252   0x00000000   Code   RO         1933    .ARM.Collect$$libinit$$00000025  c_w.l(libinit2.o)
    0x08000252   0x08000252   0x00000000   Code   RO         1937    .ARM.Collect$$libinit$$0000002C  c_w.l(libinit2.o)
    0x08000252   0x08000252   0x00000000   Code   RO         1939    .ARM.Collect$$libinit$$0000002E  c_w.l(libinit2.o)
    0x08000252   0x08000252   0x00000000   Code   RO         1941    .ARM.Collect$$libinit$$00000030  c_w.l(libinit2.o)
    0x08000252   0x08000252   0x00000000   Code   RO         1943    .ARM.Collect$$libinit$$00000032  c_w.l(libinit2.o)
    0x08000252   0x08000252   0x00000002   Code   RO         1944    .ARM.Collect$$libinit$$00000033  c_w.l(libinit2.o)
    0x08000254   0x08000254   0x00000002   Code   RO         2092    .ARM.Collect$$libshutdown$$00000000  c_w.l(libshutdown.o)
    0x08000256   0x08000256   0x00000000   Code   RO         1946    .ARM.Collect$$libshutdown$$00000002  c_w.l(libshutdown2.o)
    0x08000256   0x08000256   0x00000004   Code   RO         1947    .ARM.Collect$$libshutdown$$00000003  c_w.l(libshutdown2.o)
    0x0800025a   0x0800025a   0x00000000   Code   RO         1948    .ARM.Collect$$libshutdown$$00000004  c_w.l(libshutdown2.o)
    0x0800025a   0x0800025a   0x00000000   Code   RO         1951    .ARM.Collect$$libshutdown$$00000007  c_w.l(libshutdown2.o)
    0x0800025a   0x0800025a   0x00000000   Code   RO         1954    .ARM.Collect$$libshutdown$$0000000A  c_w.l(libshutdown2.o)
    0x0800025a   0x0800025a   0x00000000   Code   RO         1956    .ARM.Collect$$libshutdown$$0000000C  c_w.l(libshutdown2.o)
    0x0800025a   0x0800025a   0x00000000   Code   RO         1959    .ARM.Collect$$libshutdown$$0000000F  c_w.l(libshutdown2.o)
    0x0800025a   0x0800025a   0x00000002   Code   RO         1960    .ARM.Collect$$libshutdown$$00000010  c_w.l(libshutdown2.o)
    0x0800025c   0x0800025c   0x00000000   Code   RO         1439    .ARM.Collect$$rtentry$$00000000  c_w.l(__rtentry.o)
    0x0800025c   0x0800025c   0x00000000   Code   RO         1613    .ARM.Collect$$rtentry$$00000002  c_w.l(__rtentry2.o)
    0x0800025c   0x0800025c   0x00000006   Code   RO         1625    .ARM.Collect$$rtentry$$00000004  c_w.l(__rtentry4.o)
    0x08000262   0x08000262   0x00000000   Code   RO         1615    .ARM.Collect$$rtentry$$00000009  c_w.l(__rtentry2.o)
    0x08000262   0x08000262   0x00000004   Code   RO         1616    .ARM.Collect$$rtentry$$0000000A  c_w.l(__rtentry2.o)
    0x08000266   0x08000266   0x00000000   Code   RO         1618    .ARM.Collect$$rtentry$$0000000C  c_w.l(__rtentry2.o)
    0x08000266   0x08000266   0x00000008   Code   RO         1619    .ARM.Collect$$rtentry$$0000000D  c_w.l(__rtentry2.o)
    0x0800026e   0x0800026e   0x00000002   Code   RO         1983    .ARM.Collect$$rtexit$$00000000  c_w.l(rtexit.o)
    0x08000270   0x08000270   0x00000000   Code   RO         2027    .ARM.Collect$$rtexit$$00000002  c_w.l(rtexit2.o)
    0x08000270   0x08000270   0x00000004   Code   RO         2028    .ARM.Collect$$rtexit$$00000003  c_w.l(rtexit2.o)
    0x08000274   0x08000274   0x00000006   Code   RO         2029    .ARM.Collect$$rtexit$$00000004  c_w.l(rtexit2.o)
    0x0800027a   0x0800027a   0x00000002   PAD
    0x0800027c   0x0800027c   0x00000040   Code   RO            4    .text               startup_stm32f429xx.o
    0x080002bc   0x080002bc   0x000000f0   Code   RO         1107    .text               c_w.l(lludivv7m.o)
    0x080003ac   0x080003ac   0x00000018   Code   RO         1109    .text               c_w.l(__2printf.o)
    0x080003c4   0x080003c4   0x00000052   Code   RO         1115    .text               c_w.l(_printf_str.o)
    0x08000416   0x08000416   0x000000b8   Code   RO         1120    .text               c_w.l(__printf_ss.o)
    0x080004ce   0x080004ce   0x0000003e   Code   RO         1139    .text               c_w.l(strlen.o)
    0x0800050c   0x0800050c   0x0000008a   Code   RO         1141    .text               c_w.l(rt_memcpy_v6.o)
    0x08000596   0x08000596   0x0000004e   Code   RO         1143    .text               c_w.l(rt_memclr_w.o)
    0x080005e4   0x080005e4   0x00000004   PAD
    0x080005e8   0x080005e8   0x0000007c   Code   RO         1145    .text               c_w.l(strcmpv7em.o)
    0x08000664   0x08000664   0x00000006   Code   RO         1147    .text               c_w.l(heapauxi.o)
    0x0800066a   0x0800066a   0x00000002   PAD
    0x0800066c   0x0800066c   0x00000008   Code   RO         1447    .text               c_w.l(rt_errno_addr_intlibspace.o)
    0x08000674   0x08000674   0x0000002c   Code   RO         1461    .text               c_w.l(_printf_char.o)
    0x080006a0   0x080006a0   0x00000024   Code   RO         1463    .text               c_w.l(_printf_char_file.o)
    0x080006c4   0x080006c4   0x00000016   Code   RO         1489    .text               c_w.l(abort.o)
    0x080006da   0x080006da   0x00000064   Code   RO         1509    .text               c_w.l(rt_memcpy_w.o)
    0x0800073e   0x0800073e   0x00000002   PAD
    0x08000740   0x08000740   0x0000000c   Code   RO         1605    .text               c_w.l(sys_exit.o)
    0x0800074c   0x0800074c   0x00000008   Code   RO         1609    .text               c_w.l(libspace.o)
    0x08000754   0x08000754   0x0000005e   Code   RO         1635    .text               c_w.l(h1_alloc.o)
    0x080007b2   0x080007b2   0x0000004e   Code   RO         1637    .text               c_w.l(h1_free.o)
    0x08000800   0x08000800   0x0000041c   Code   RO         1699    .text               c_w.l(_printf_fp_dec.o)
    0x08000c1c   0x08000c1c   0x00000030   Code   RO         1703    .text               c_w.l(_printf_char_common.o)
    0x08000c4c   0x08000c4c   0x00000008   Code   RO         1733    .text               c_w.l(ferror.o)
    0x08000c54   0x08000c54   0x00000138   Code   RO         1735    .text               c_w.l(initio.o)
    0x08000d8c   0x08000d8c   0x0000000e   Code   RO         1741    .text               c_w.l(defsig_abrt_outer.o)
    0x08000d9a   0x08000d9a   0x00000002   Code   RO         1777    .text               c_w.l(use_no_semi.o)
    0x08000d9c   0x08000d9c   0x00000000   Code   RO         1781    .text               c_w.l(indicate_semi.o)
    0x08000d9c   0x08000d9c   0x0000004a   Code   RO         1782    .text               c_w.l(sys_stackheap_outer.o)
    0x08000de6   0x08000de6   0x00000002   PAD
    0x08000de8   0x08000de8   0x00000008   Code   RO         1789    .text               c_w.l(rt_heap_descriptor_intlibspace.o)
    0x08000df0   0x08000df0   0x00000008   Code   RO         1794    .text               c_w.l(rt_locale_intlibspace.o)
    0x08000df8   0x08000df8   0x00000004   Code   RO         1796    .text               c_w.l(hguard.o)
    0x08000dfc   0x08000dfc   0x0000008a   Code   RO         1798    .text               c_w.l(init_alloc.o)
    0x08000e86   0x08000e86   0x0000000e   Code   RO         1802    .text               c_w.l(h1_init.o)
    0x08000e94   0x08000e94   0x0000008a   Code   RO         1814    .text               c_w.l(lludiv10.o)
    0x08000f1e   0x08000f1e   0x00000002   PAD
    0x08000f20   0x08000f20   0x00000080   Code   RO         1820    .text               c_w.l(_printf_fp_infnan.o)
    0x08000fa0   0x08000fa0   0x000000e4   Code   RO         1834    .text               c_w.l(bigflt0.o)
    0x08001084   0x08001084   0x00000046   Code   RO         1861    .text               c_w.l(setvbuf.o)
    0x080010ca   0x080010ca   0x00000002   PAD
    0x080010cc   0x080010cc   0x000000f0   Code   RO         1864    .text               c_w.l(fopen.o)
    0x080011bc   0x080011bc   0x0000004c   Code   RO         1866    .text               c_w.l(fclose.o)
    0x08001208   0x08001208   0x00000012   Code   RO         1878    .text               c_w.l(exit.o)
    0x0800121a   0x0800121a   0x0000000a   Code   RO         1880    .text               c_w.l(defsig_exit.o)
    0x08001224   0x08001224   0x00000030   Code   RO         1882    .text               c_w.l(defsig_abrt_inner.o)
    0x08001254   0x08001254   0x0000000e   Code   RO         1888    .text               c_w.l(defsig_rtred_outer.o)
    0x08001262   0x08001262   0x00000000   Code   RO         1987    .text               c_w.l(maybetermalloc1.o)
    0x08001262   0x08001262   0x00000034   Code   RO         1989    .text               c_w.l(h1_extend.o)
    0x08001296   0x08001296   0x00000002   PAD
    0x08001298   0x08001298   0x000000f8   Code   RO         1999    .text               c_w.l(fseek.o)
    0x08001390   0x08001390   0x000000f0   Code   RO         2001    .text               c_w.l(stdio.o)
    0x08001480   0x08001480   0x00000032   Code   RO         2005    .text               c_w.l(defsig_general.o)
    0x080014b2   0x080014b2   0x00000002   PAD
    0x080014b4   0x080014b4   0x00000034   Code   RO         2009    .text               c_w.l(defsig_rtred_inner.o)
    0x080014e8   0x080014e8   0x0000000e   Code   RO         2011    .text               c_w.l(defsig_rtmem_outer.o)
    0x080014f6   0x080014f6   0x0000000e   Code   RO         2022    .text               c_w.l(sys_wrch.o)
    0x08001504   0x08001504   0x00000042   Code   RO         2042    .text               c_w.l(ftell.o)
    0x08001546   0x08001546   0x00000002   PAD
    0x08001548   0x08001548   0x00000050   Code   RO         2044    .text               c_w.l(defsig_rtmem_inner.o)
    0x08001598   0x08001598   0x00000002   Code   RO           71    .text.BusFault_Handler  stm32f4xx_it.o
    0x0800159a   0x0800159a   0x00000002   PAD
    0x0800159c   0x0800159c   0x00000002   Code   RO           77    .text.DebugMon_Handler  stm32f4xx_it.o
    0x0800159e   0x0800159e   0x00000002   PAD
    0x080015a0   0x080015a0   0x0000000a   Code   RO           15    .text.Error_Handler  main.o
    0x080015aa   0x080015aa   0x00000002   PAD
    0x080015ac   0x080015ac   0x00000080   Code   RO          671    .text.HAL_DMA_Abort  stm32f4xx_hal_dma.o
    0x0800162c   0x0800162c   0x00000024   Code   RO          673    .text.HAL_DMA_Abort_IT  stm32f4xx_hal_dma.o
    0x08001650   0x08001650   0x00000028   Code   RO          855    .text.HAL_Delay     stm32f4xx_hal.o
    0x08001678   0x08001678   0x0000019a   Code   RO          617    .text.HAL_GPIO_Init  stm32f4xx_hal_gpio.o
    0x08001812   0x08001812   0x00000002   PAD
    0x08001814   0x08001814   0x0000000c   Code   RO          847    .text.HAL_GetTick   stm32f4xx_hal.o
    0x08001820   0x08001820   0x0000001a   Code   RO          845    .text.HAL_IncTick   stm32f4xx_hal.o
    0x0800183a   0x0800183a   0x00000002   PAD
    0x0800183c   0x0800183c   0x00000036   Code   RO          835    .text.HAL_Init      stm32f4xx_hal.o
    0x08001872   0x08001872   0x00000002   PAD
    0x08001874   0x08001874   0x00000050   Code   RO          837    .text.HAL_InitTick  stm32f4xx_hal.o
    0x080018c4   0x080018c4   0x00000038   Code   RO           94    .text.HAL_MspInit   stm32f4xx_hal_msp.o
    0x080018fc   0x080018fc   0x00000008   Code   RO          775    .text.HAL_NVIC_EnableIRQ  stm32f4xx_hal_cortex.o
    0x08001904   0x08001904   0x0000001e   Code   RO          767    .text.HAL_NVIC_SetPriority  stm32f4xx_hal_cortex.o
    0x08001922   0x08001922   0x00000002   PAD
    0x08001924   0x08001924   0x00000008   Code   RO          763    .text.HAL_NVIC_SetPriorityGrouping  stm32f4xx_hal_cortex.o
    0x0800192c   0x0800192c   0x0000007a   Code   RO          749    .text.HAL_PWREx_EnableOverDrive  stm32f4xx_hal_pwr_ex.o
    0x080019a6   0x080019a6   0x00000002   PAD
    0x080019a8   0x080019a8   0x00000160   Code   RO          461    .text.HAL_RCC_ClockConfig  stm32f4xx_hal_rcc.o
    0x08001b08   0x08001b08   0x0000000c   Code   RO          471    .text.HAL_RCC_GetHCLKFreq  stm32f4xx_hal_rcc.o
    0x08001b14   0x08001b14   0x00000022   Code   RO          473    .text.HAL_RCC_GetPCLK1Freq  stm32f4xx_hal_rcc.o
    0x08001b36   0x08001b36   0x00000002   PAD
    0x08001b38   0x08001b38   0x00000022   Code   RO          475    .text.HAL_RCC_GetPCLK2Freq  stm32f4xx_hal_rcc.o
    0x08001b5a   0x08001b5a   0x00000002   PAD
    0x08001b5c   0x08001b5c   0x00000068   Code   RO          463    .text.HAL_RCC_GetSysClockFreq  stm32f4xx_hal_rcc.o
    0x08001bc4   0x08001bc4   0x00000348   Code   RO          459    .text.HAL_RCC_OscConfig  stm32f4xx_hal_rcc.o
    0x08001f0c   0x08001f0c   0x00000008   Code   RO          787    .text.HAL_SYSTICK_Config  stm32f4xx_hal_cortex.o
    0x08001f14   0x08001f14   0x00000002   Code   RO          443    .text.HAL_TIMEx_BreakCallback  stm32f4xx_hal_tim_ex.o
    0x08001f16   0x08001f16   0x00000002   PAD
    0x08001f18   0x08001f18   0x00000002   Code   RO          439    .text.HAL_TIMEx_CommutCallback  stm32f4xx_hal_tim_ex.o
    0x08001f1a   0x08001f1a   0x00000002   PAD
    0x08001f1c   0x08001f1c   0x000000b8   Code   RO          433    .text.HAL_TIMEx_MasterConfigSynchronization  stm32f4xx_hal_tim_ex.o
    0x08001fd4   0x08001fd4   0x0000005a   Code   RO          119    .text.HAL_TIM_Base_Init  stm32f4xx_hal_tim.o
    0x0800202e   0x0800202e   0x00000002   PAD
    0x08002030   0x08002030   0x00000048   Code   RO           35    .text.HAL_TIM_Base_MspInit  tim.o
    0x08002078   0x08002078   0x000000de   Code   RO          311    .text.HAL_TIM_ConfigClockSource  stm32f4xx_hal_tim.o
    0x08002156   0x08002156   0x00000002   PAD
    0x08002158   0x08002158   0x00000002   Code   RO          255    .text.HAL_TIM_IC_CaptureCallback  stm32f4xx_hal_tim.o
    0x0800215a   0x0800215a   0x00000002   PAD
    0x0800215c   0x0800215c   0x0000016a   Code   RO          253    .text.HAL_TIM_IRQHandler  stm32f4xx_hal_tim.o
    0x080022c6   0x080022c6   0x00000002   PAD
    0x080022c8   0x080022c8   0x00000002   Code   RO          257    .text.HAL_TIM_OC_DelayElapsedCallback  stm32f4xx_hal_tim.o
    0x080022ca   0x080022ca   0x00000002   PAD
    0x080022cc   0x080022cc   0x00000002   Code   RO          259    .text.HAL_TIM_PWM_PulseFinishedCallback  stm32f4xx_hal_tim.o
    0x080022ce   0x080022ce   0x00000002   PAD
    0x080022d0   0x080022d0   0x00000002   Code   RO          261    .text.HAL_TIM_PeriodElapsedCallback  stm32f4xx_hal_tim.o
    0x080022d2   0x080022d2   0x00000002   PAD
    0x080022d4   0x080022d4   0x00000002   Code   RO          263    .text.HAL_TIM_TriggerCallback  stm32f4xx_hal_tim.o
    0x080022d6   0x080022d6   0x00000002   PAD
    0x080022d8   0x080022d8   0x00000002   Code   RO         1020    .text.HAL_UARTEx_RxEventCallback  stm32f4xx_hal_uart.o
    0x080022da   0x080022da   0x00000002   PAD
    0x080022dc   0x080022dc   0x00000002   Code   RO         1018    .text.HAL_UART_ErrorCallback  stm32f4xx_hal_uart.o
    0x080022de   0x080022de   0x00000002   PAD
    0x080022e0   0x080022e0   0x0000023a   Code   RO         1012    .text.HAL_UART_IRQHandler  stm32f4xx_hal_uart.o
    0x0800251a   0x0800251a   0x00000002   PAD
    0x0800251c   0x0800251c   0x0000005e   Code   RO          930    .text.HAL_UART_Init  stm32f4xx_hal_uart.o
    0x0800257a   0x0800257a   0x00000002   PAD
    0x0800257c   0x0800257c   0x00000084   Code   RO           52    .text.HAL_UART_MspInit  usart.o
    0x08002600   0x08002600   0x00000002   Code   RO         1030    .text.HAL_UART_RxCpltCallback  stm32f4xx_hal_uart.o
    0x08002602   0x08002602   0x00000002   PAD
    0x08002604   0x08002604   0x00000002   Code   RO         1026    .text.HAL_UART_TxCpltCallback  stm32f4xx_hal_uart.o
    0x08002606   0x08002606   0x00000002   PAD
    0x08002608   0x08002608   0x00000002   Code   RO           67    .text.HardFault_Handler  stm32f4xx_it.o
    0x0800260a   0x0800260a   0x00000002   PAD
    0x0800260c   0x0800260c   0x00000038   Code   RO           25    .text.MX_GPIO_Init  gpio.o
    0x08002644   0x08002644   0x0000007e   Code   RO           33    .text.MX_TIM3_Init  tim.o
    0x080026c2   0x080026c2   0x00000002   PAD
    0x080026c4   0x080026c4   0x00000038   Code   RO           50    .text.MX_USART1_UART_Init  usart.o
    0x080026fc   0x080026fc   0x00000002   Code   RO           69    .text.MemManage_Handler  stm32f4xx_it.o
    0x080026fe   0x080026fe   0x00000002   PAD
    0x08002700   0x08002700   0x00000002   Code   RO           65    .text.NMI_Handler   stm32f4xx_it.o
    0x08002702   0x08002702   0x00000002   PAD
    0x08002704   0x08002704   0x0000002c   Code   RO          773    .text.NVIC_EncodePriority  stm32f4xx_hal_cortex.o
    0x08002730   0x08002730   0x00000002   Code   RO           79    .text.PendSV_Handler  stm32f4xx_it.o
    0x08002732   0x08002732   0x00000002   PAD
    0x08002734   0x08002734   0x00000002   Code   RO           75    .text.SVC_Handler   stm32f4xx_it.o
    0x08002736   0x08002736   0x00000002   PAD
    0x08002738   0x08002738   0x0000002e   Code   RO          789    .text.SysTick_Config  stm32f4xx_hal_cortex.o
    0x08002766   0x08002766   0x00000002   PAD
    0x08002768   0x08002768   0x00000008   Code   RO           81    .text.SysTick_Handler  stm32f4xx_it.o
    0x08002770   0x08002770   0x000000b0   Code   RO           13    .text.SystemClock_Config  main.o
    0x08002820   0x08002820   0x00000012   Code   RO         1060    .text.SystemInit    system_stm32f4xx.o
    0x08002832   0x08002832   0x00000002   PAD
    0x08002834   0x08002834   0x00000010   Code   RO           83    .text.TIM3_IRQHandler  stm32f4xx_it.o
    0x08002844   0x08002844   0x00000124   Code   RO          123    .text.TIM_Base_SetConfig  stm32f4xx_hal_tim.o
    0x08002968   0x08002968   0x00000016   Code   RO          309    .text.TIM_ETR_SetConfig  stm32f4xx_hal_tim.o
    0x0800297e   0x0800297e   0x00000002   PAD
    0x08002980   0x08002980   0x00000010   Code   RO          315    .text.TIM_ITRx_SetConfig  stm32f4xx_hal_tim.o
    0x08002990   0x08002990   0x00000022   Code   RO          313    .text.TIM_TI1_ConfigInputStage  stm32f4xx_hal_tim.o
    0x080029b2   0x080029b2   0x00000002   PAD
    0x080029b4   0x080029b4   0x00000024   Code   RO          317    .text.TIM_TI2_ConfigInputStage  stm32f4xx_hal_tim.o
    0x080029d8   0x080029d8   0x00000010   Code   RO         1016    .text.UART_DMAAbortOnError  stm32f4xx_hal_uart.o
    0x080029e8   0x080029e8   0x00000050   Code   RO          978    .text.UART_EndRxTransfer  stm32f4xx_hal_uart.o
    0x08002a38   0x08002a38   0x00000018   Code   RO         1024    .text.UART_EndTransmit_IT  stm32f4xx_hal_uart.o
    0x08002a50   0x08002a50   0x000000c4   Code   RO         1014    .text.UART_Receive_IT  stm32f4xx_hal_uart.o
    0x08002b14   0x08002b14   0x000000dc   Code   RO          934    .text.UART_SetConfig  stm32f4xx_hal_uart.o
    0x08002bf0   0x08002bf0   0x00000052   Code   RO         1022    .text.UART_Transmit_IT  stm32f4xx_hal_uart.o
    0x08002c42   0x08002c42   0x00000002   PAD
    0x08002c44   0x08002c44   0x00000010   Code   RO           85    .text.USART1_IRQHandler  stm32f4xx_it.o
    0x08002c54   0x08002c54   0x00000002   Code   RO           73    .text.UsageFault_Handler  stm32f4xx_it.o
    0x08002c56   0x08002c56   0x00000002   PAD
    0x08002c58   0x08002c58   0x00000008   Code   RO          112    .text._ZNSt3__211char_traitsIcE6lengthEPKc  cpp_startup.o
    0x08002c60   0x08002c60   0x0000004a   Code   RO         1261    .text._ZNSt3__212basic_stringIcNS_11char_traitsIcEENS_9allocatorIcEEE6__initEPKcj  libcpp_w.l(string.cpp.o)
    0x08002caa   0x08002caa   0x0000000c   Code   RO         1773    .text._ZSt15get_new_handlerv  libcppabi_w.l(cxa_handlers.cpp.o)
    0x08002cb6   0x08002cb6   0x00000002   PAD
    0x08002cb8   0x08002cb8   0x00000026   Code   RO         1527    .text._Znwj         libcpp_w.l(new.cpp.o)
    0x08002cde   0x08002cde   0x00000002   PAD
    0x08002ce0   0x08002ce0   0x00000020   Code   RO          777    .text.__NVIC_EnableIRQ  stm32f4xx_hal_cortex.o
    0x08002d00   0x08002d00   0x00000010   Code   RO          769    .text.__NVIC_GetPriorityGrouping  stm32f4xx_hal_cortex.o
    0x08002d10   0x08002d10   0x00000022   Code   RO          771    .text.__NVIC_SetPriority  stm32f4xx_hal_cortex.o
    0x08002d32   0x08002d32   0x00000002   PAD
    0x08002d34   0x08002d34   0x00000020   Code   RO          765    .text.__NVIC_SetPriorityGrouping  stm32f4xx_hal_cortex.o
    0x08002d54   0x08002d54   0x00000012   Code   RO         1077    .text._sys_close    retarget_io.o
    0x08002d66   0x08002d66   0x00000002   PAD
    0x08002d68   0x08002d68   0x00000004   Code   RO         1093    .text._sys_flen     retarget_io.o
    0x08002d6c   0x08002d6c   0x00000010   Code   RO         1089    .text._sys_istty    retarget_io.o
    0x08002d7c   0x08002d7c   0x00000064   Code   RO         1075    .text._sys_open     retarget_io.o
    0x08002de0   0x08002de0   0x00000006   Code   RO         1091    .text._sys_seek     retarget_io.o
    0x08002de6   0x08002de6   0x00000002   PAD
    0x08002de8   0x08002de8   0x00000036   Code   RO         1079    .text._sys_write    retarget_io.o
    0x08002e1e   0x08002e1e   0x00000002   PAD
    0x08002e20   0x08002e20   0x00000014   Code   RO           48    .text.fputc         usart.o
    0x08002e34   0x08002e34   0x0000001a   Code   RO           11    .text.main          main.o
    0x08002e4e   0x08002e4e   0x00000002   PAD
    0x08002e50   0x08002e50   0x00000048   Code   RO          102    .text.startup       cpp_startup.o
    0x08002e98   0x08002e98   0x00000004   Code   RO         1083    .text.stderr_putchar  retarget_io.o
    0x08002e9c   0x08002e9c   0x00000004   Code   RO         1081    .text.stdout_putchar  retarget_io.o
    0x08002ea0   0x08002ea0   0x0000003e   Code   RO         1837    CL$$btod_d2e        c_w.l(btod.o)
    0x08002ede   0x08002ede   0x00000046   Code   RO         1839    CL$$btod_d2e_denorm_low  c_w.l(btod.o)
    0x08002f24   0x08002f24   0x00000060   Code   RO         1838    CL$$btod_d2e_norm_op1  c_w.l(btod.o)
    0x08002f84   0x08002f84   0x00000338   Code   RO         1847    CL$$btod_div_common  c_w.l(btod.o)
    0x080032bc   0x080032bc   0x000000dc   Code   RO         1844    CL$$btod_e2e        c_w.l(btod.o)
    0x08003398   0x08003398   0x0000002a   Code   RO         1841    CL$$btod_ediv       c_w.l(btod.o)
    0x080033c2   0x080033c2   0x0000002a   Code   RO         1840    CL$$btod_emul       c_w.l(btod.o)
    0x080033ec   0x080033ec   0x00000244   Code   RO         1846    CL$$btod_mult_common  c_w.l(btod.o)
    0x08003630   0x08003630   0x00000030   Code   RO         1977    i.__ARM_fpclassify  m_wm.l(fpclassify.o)
    0x08003660   0x08003660   0x0000002c   Code   RO         1876    locale$$code        c_w.l(lc_numeric_c.o)
    0x0800368c   0x0800368c   0x0000001a   Code   RO         2020    x$fpl$fpinit        fz_wm.l(fpinit.o)
    0x080036a6   0x080036a6   0x00000004   Code   RO         1515    x$fpl$printf1       fz_wm.l(printf1.o)
    0x080036aa   0x080036aa   0x00000000   Code   RO         1757    x$fpl$usenofp       fz_wm.l(usenofp.o)
    0x080036aa   0x080036aa   0x00000002   PAD
    0x080036ac   0x080036ac   0x00000094   Data   RO         1835    .constdata          c_w.l(bigflt0.o)
    0x08003740   0x08003740   0x00000010   Data   RO         1065    .rodata.AHBPrescTable  system_stm32f4xx.o
    0x08003750   0x08003750   0x00000008   Data   RO         1066    .rodata.APBPrescTable  system_stm32f4xx.o
    0x08003758   0x08003758   0x00000008   Data   RO         1097    .rodata.__stderr_name  retarget_io.o
    0x08003760   0x08003760   0x00000007   Data   RO         1095    .rodata.__stdin_name  retarget_io.o
    0x08003767   0x08003767   0x00000008   Data   RO         1096    .rodata.__stdout_name  retarget_io.o
    0x0800376f   0x0800376f   0x0000000d   Data   RO          104    .rodata.str1.1      cpp_startup.o
    0x0800377c   0x0800377c   0x00000020   Data   RO         2156    Region$$Table       anon$$obj.o
    0x0800379c   0x0800379c   0x0000001c   Data   RO         1875    locale$$data        c_w.l(lc_numeric_c.o)


    Execution Region RW_IRAM2 (Exec base: 0x10000000, Load base: 0x080037d0, Size: 0x00000000, Max: 0x00010000, ABSOLUTE)

    **** No section assigned to this execution region ****


    Execution Region RW_IRAM1 (Exec base: 0x20000000, Load base: 0x080037b8, Size: 0x00000808, Max: 0x00030000, ABSOLUTE)

    Exec Addr    Load Addr    Size         Type   Attr      Idx    E Section Name        Object

    0x20000000   0x080037b8   0x00000004   Data   RW         1486    .data               c_w.l(stdio_streams.o)
    0x20000004   0x080037bc   0x00000004   Data   RW         1487    .data               c_w.l(stdio_streams.o)
    0x20000008   0x080037c0   0x00000004   Data   RW         1488    .data               c_w.l(stdio_streams.o)
    0x2000000c   0x080037c4   0x00000004   Data   RW         1064    .data.SystemCoreClock  system_stm32f4xx.o
    0x20000010   0x080037c8   0x00000001   Data   RW          894    .data.uwTickFreq    stm32f4xx_hal.o
    0x20000011   0x080037c9   0x00000003   PAD
    0x20000014   0x080037cc   0x00000004   Data   RW          893    .data.uwTickPrio    stm32f4xx_hal.o
    0x20000018        -       0x00000054   Zero   RW         1483    .bss                c_w.l(stdio_streams.o)
    0x2000006c        -       0x00000054   Zero   RW         1484    .bss                c_w.l(stdio_streams.o)
    0x200000c0        -       0x00000054   Zero   RW         1485    .bss                c_w.l(stdio_streams.o)
    0x20000114        -       0x00000060   Zero   RW         1610    .bss                c_w.l(libspace.o)
    0x20000174        -       0x00000004   Zero   RW         1775    .bss.__cxa_new_handler  libcppabi_w.l(cxa_handlers.cpp.o)
    0x20000178        -       0x00000048   Zero   RW           39    .bss.htim3          tim.o
    0x200001c0        -       0x00000044   Zero   RW           56    .bss.huart1         usart.o
    0x20000204        -       0x00000004   Zero   RW          895    .bss.uwTick         stm32f4xx_hal.o
    0x20000208        -       0x00000200   Zero   RW            2    HEAP                startup_stm32f429xx.o
    0x20000408        -       0x00000400   Zero   RW            1    STACK               startup_stm32f429xx.o


==============================================================================

Image component sizes


      Code (inc. data)   RO Data    RW Data    ZI Data      Debug   Object Name

        80         12         13          0          0      49509   cpp_startup.o
        56          0          0          0          0       1461   gpio.o
       212          0          0          0          0       2681   main.o
       206         24         23          0          0       3044   retarget_io.o
        64         26        428          0       1536        820   startup_stm32f429xx.o
       212          0          0          5          4       7675   stm32f4xx_hal.o
       258          0          0          0          0      10884   stm32f4xx_hal_cortex.o
       164          0          0          0          0       9266   stm32f4xx_hal_dma.o
       410          0          0          0          0       5232   stm32f4xx_hal_gpio.o
        56          0          0          0          0       1486   stm32f4xx_hal_msp.o
       122          0          0          0          0       4597   stm32f4xx_hal_pwr_ex.o
      1376          0          0          0          0       7337   stm32f4xx_hal_rcc.o
      1084          0          0          0          0      44836   stm32f4xx_hal_tim.o
       188          0          0          0          0      19228   stm32f4xx_hal_tim_ex.o
      1290          0          0          0          0      24727   stm32f4xx_hal_uart.o
        56          0          0          0          0       2370   stm32f4xx_it.o
        18          0         24          4          0       2672   system_stm32f4xx.o
       198          0          0          0         72       7272   tim.o
       208          0          0          0         68       7387   usart.o

    ----------------------------------------------------------------------
      6344         62        520         12       1680     212484   Object Totals
         0          0         32          0          0          0   (incl. Generated)
        86          0          0          3          0          0   (incl. Padding)

    ----------------------------------------------------------------------

      Code (inc. data)   RO Data    RW Data    ZI Data      Debug   Library Member Name

        24          4          0          0          0         84   __2printf.o
         8          0          0          0          0         68   __main.o
       184          0          0          0          0         84   __printf_ss.o
         0          0          0          0          0          0   __rtentry.o
        12          0          0          0          0          0   __rtentry2.o
         6          0          0          0          0          0   __rtentry4.o
        52          8          0          0          0          0   __scatter.o
        26          0          0          0          0          0   __scatter_copy.o
        28          0          0          0          0          0   __scatter_zi.o
        44          0          0          0          0        108   _printf_char.o
        48          6          0          0          0         96   _printf_char_common.o
        36          4          0          0          0         80   _printf_char_file.o
         6          0          0          0          0          0   _printf_f.o
      1052          0          0          0          0        148   _printf_fp_dec.o
       128         16          0          0          0         84   _printf_fp_infnan.o
         0          0          0          0          0          0   _printf_percent.o
         4          0          0          0          0          0   _printf_percent_end.o
         6          0          0          0          0          0   _printf_s.o
        82          0          0          0          0         80   _printf_str.o
        22          0          0          0          0         80   abort.o
       228          4        148          0          0         96   bigflt0.o
      1936        128          0          0          0        668   btod.o
        48         34          0          0          0         76   defsig_abrt_inner.o
        14          0          0          0          0         80   defsig_abrt_outer.o
        10          0          0          0          0         68   defsig_exit.o
        50          0          0          0          0         88   defsig_general.o
        80         58          0          0          0         76   defsig_rtmem_inner.o
        14          0          0          0          0         80   defsig_rtmem_outer.o
        52         38          0          0          0         76   defsig_rtred_inner.o
        14          0          0          0          0         80   defsig_rtred_outer.o
        18          0          0          0          0         80   exit.o
        76          0          0          0          0         88   fclose.o
         8          0          0          0          0         68   ferror.o
       240          6          0          0          0        128   fopen.o
       248          6          0          0          0         84   fseek.o
        66          0          0          0          0         76   ftell.o
        94          0          0          0          0         80   h1_alloc.o
        52          0          0          0          0         68   h1_extend.o
        78          0          0          0          0         80   h1_free.o
        14          0          0          0          0         84   h1_init.o
         6          0          0          0          0        152   heapauxi.o
         4          0          0          0          0        136   hguard.o
         0          0          0          0          0          0   indicate_semi.o
       138          0          0          0          0        168   init_alloc.o
       312         46          0          0          0        112   initio.o
        44         10         28          0          0         76   lc_numeric_c.o
         2          0          0          0          0          0   libinit.o
        34          0          0          0          0          0   libinit2.o
         2          0          0          0          0          0   libshutdown.o
         6          0          0          0          0          0   libshutdown2.o
         8          4          0          0         96         68   libspace.o
       138          0          0          0          0         80   lludiv10.o
       240          0          0          0          0        100   lludivv7m.o
         0          0          0          0          0          0   maybetermalloc1.o
         8          4          0          0          0         68   rt_errno_addr_intlibspace.o
         8          4          0          0          0         68   rt_heap_descriptor_intlibspace.o
         8          4          0          0          0         68   rt_locale_intlibspace.o
        78          0          0          0          0         80   rt_memclr_w.o
       138          0          0          0          0         68   rt_memcpy_v6.o
       100          0          0          0          0         80   rt_memcpy_w.o
         2          0          0          0          0          0   rtexit.o
        10          0          0          0          0          0   rtexit2.o
        70          0          0          0          0         80   setvbuf.o
       240          6          0          0          0        156   stdio.o
         0          0          0         12        252          0   stdio_streams.o
       124          0          0          0          0         88   strcmpv7em.o
        62          0          0          0          0         76   strlen.o
        12          4          0          0          0         68   sys_exit.o
        74          0          0          0          0         80   sys_stackheap_outer.o
        14          0          0          0          0         76   sys_wrch.o
         2          0          0          0          0         68   use_no_semi.o
        26          0          0          0          0        116   fpinit.o
         4          0          0          0          0        116   printf1.o
         0          0          0          0          0          0   usenofp.o
        38          0          0          0          0        380   new.cpp.o
        74          0          0          0          0       4340   string.cpp.o
        12          0          0          0          4        148   cxa_handlers.cpp.o
        48          0          0          0          0        124   fpclassify.o

    ----------------------------------------------------------------------
      7224        394        176         12        352      10376   Library Totals
        30          0          0          0          0          0   (incl. Padding)

    ----------------------------------------------------------------------

      Code (inc. data)   RO Data    RW Data    ZI Data      Debug   Library Name

      6992        394        176         12        348       5152   c_w.l
        30          0          0          0          0        232   fz_wm.l
       112          0          0          0          0       4720   libcpp_w.l
        12          0          0          0          4        148   libcppabi_w.l
        48          0          0          0          0        124   m_wm.l

    ----------------------------------------------------------------------
      7224        394        176         12        352      10376   Library Totals

    ----------------------------------------------------------------------

==============================================================================


      Code (inc. data)   RO Data    RW Data    ZI Data      Debug   

     13568        456        696         24       2032     219448   Grand Totals
     13568        456        696         24       2032     219448   ELF Image Totals
     13568        456        696         24          0          0   ROM Totals

==============================================================================

    Total RO  Size (Code + RO Data)                14264 (  13.93kB)
    Total RW  Size (RW Data + ZI Data)              2056 (   2.01kB)
    Total ROM Size (Code + RO Data + RW Data)      14288 (  13.95kB)

==============================================================================

